**********************
Início da transcrição do Windows PowerShell
Hora de início: 20260729151357
Nome de Usuário: LAPTOP-ACPKG3QM\Breno Tostes Garcia
Executar como Usuário: LAPTOP-ACPKG3QM\Breno Tostes Garcia
Nome da Configuração: 
Computador: LAPTOP-ACPKG3QM (Microsoft Windows NT 10.0.26200.0)
Aplicativo Host: C:\Windows\System32\WindowsPowerShell\v1.0\powershell.exe
ID do Processo: 16692
PSVersion: 5.1.26100.8894
PSEdition: Desktop
PSCompatibleVersions: 1.0, 2.0, 3.0, 4.0, 5.0, 5.1.26100.8894
BuildVersion: 10.0.26100.8894
CLRVersion: 4.0.30319.42000
WSManStackVersion: 3.0
PSRemotingProtocolVersion: 2.3
SerializationVersion: 1.1.0.1
**********************
Transcrição iniciada, o arquivo de saída é D:\GitHub\LAB_GrupoA_EcossistemadeBigData\ingestao\evidencias\04-terraform-plan\E18_execucao_plan_20260729-151357.log

====================================================
1. CONFIRMAÇÃO DA SESSÃO AWS
====================================================

Sessão AWS válida.
Conta anonimizada: ********6721
Região: us-east-1

====================================================
2. ATUALIZAÇÃO DO IP PARA SSH
====================================================

CIDR SSH atualizado: 187.62.131.36/32
Senha do banco exibida: NÃO

====================================================
3. TERRAFORM VALIDATE
====================================================

Success! The configuration is valid.


validate_exit_code=0

====================================================
4. TERRAFORM PLAN
====================================================

data.aws_caller_identity.current: Reading...
data.aws_ami.amazon_linux_2023: Reading...
data.aws_vpc.default: Reading...
data.aws_caller_identity.current: Read complete after 0s [id=650379606721]
data.aws_ami.amazon_linux_2023: Read complete after 2s [id=ami-0006118602dfc1c09]
data.aws_vpc.default: Read complete after 2s [id=vpc-0eaa9957299798865]
data.aws_subnets.default: Reading...
data.aws_subnets.ec2: Reading...
data.aws_subnets.ec2: Read complete after 0s [id=us-east-1]
data.aws_subnets.default: Read complete after 0s [id=us-east-1]

Terraform used the selected providers to generate the following execution
plan. Resource actions are indicated with the following symbols:
  + create

Terraform will perform the following actions:

  # aws_db_instance.postgres will be created
  + resource "aws_db_instance" "postgres" {
      + address                               = (known after apply)
      + allocated_storage                     = 20
      + apply_immediately                     = true
      + arn                                   = (known after apply)
      + auto_minor_version_upgrade            = true
      + availability_zone                     = (known after apply)
      + backup_retention_period               = 0
      + backup_target                         = (known after apply)
      + backup_window                         = (known after apply)
      + ca_cert_identifier                    = (known after apply)
      + character_set_name                    = (known after apply)
      + copy_tags_to_snapshot                 = false
      + database_insights_mode                = (known after apply)
      + db_name                               = "ecommerce"
      + db_subnet_group_name                  = (known after apply)
      + dedicated_log_volume                  = false
      + delete_automated_backups              = true
      + deletion_protection                   = false
      + domain_fqdn                           = (known after apply)
      + endpoint                              = (known after apply)
      + engine                                = "postgres"
      + engine_lifecycle_support              = (known after apply)
      + engine_version                        = (known after apply)
      + engine_version_actual                 = (known after apply)
      + hosted_zone_id                        = (known after apply)
      + id                                    = (known after apply)
      + identifier                            = (known after apply)
      + identifier_prefix                     = "ingestao-postgres-"
      + instance_class                        = "db.t3.micro"
      + iops                                  = (known after apply)
      + kms_key_id                            = (known after apply)
      + latest_restorable_time                = (known after apply)
      + license_model                         = (known after apply)
      + listener_endpoint                     = (known after apply)
      + maintenance_window                    = (known after apply)
      + master_user_secret                    = (known after apply)
      + master_user_secret_kms_key_id         = (known after apply)
      + monitoring_interval                   = 0
      + monitoring_role_arn                   = (known after apply)
      + multi_az                              = false
      + nchar_character_set_name              = (known after apply)
      + network_type                          = (known after apply)
      + option_group_name                     = (known after apply)
      + parameter_group_name                  = (known after apply)
      + password                              = (sensitive value)
      + password_wo                           = (write-only attribute)
      + performance_insights_enabled          = false
      + performance_insights_kms_key_id       = (known after apply)
      + performance_insights_retention_period = (known after apply)
      + port                                  = 5432
      + publicly_accessible                   = false
      + replica_mode                          = (known after apply)
      + replicas                              = (known after apply)
      + resource_id                           = (known after apply)
      + skip_final_snapshot                   = true
      + snapshot_identifier                   = (known after apply)
      + status                                = (known after apply)
      + storage_throughput                    = (known after apply)
      + storage_type                          = "gp3"
      + tags                                  = {
          + "Environment" = "AWS Academy Learner Lab"
          + "ManagedBy"   = "Terraform"
          + "Name"        = "ingestao-lab-postgres"
          + "Project"     = "ingestao-lab"
        }
      + tags_all                              = {
          + "Environment" = "AWS Academy Learner Lab"
          + "ManagedBy"   = "Terraform"
          + "Name"        = "ingestao-lab-postgres"
          + "Project"     = "ingestao-lab"
        }
      + timezone                              = (known after apply)
      + username                              = "ecommerce"
      + vpc_security_group_ids                = (known after apply)
    }

  # aws_db_subnet_group.ingestao will be created
  + resource "aws_db_subnet_group" "ingestao" {
      + arn                     = (known after apply)
      + description             = "Subnets do RDS PostgreSQL"
      + id                      = (known after apply)
      + name                    = (known after apply)
      + name_prefix             = "ingestao-db-subnet-"
      + subnet_ids              = [
          + "subnet-00b1a472fc31437a1",
          + "subnet-0227eed7d58b5fce9",
          + "subnet-06aedd53e3db68dea",
          + "subnet-094be08668e81d9f1",
          + "subnet-09decf4624bb92a67",
          + "subnet-0edc15bc90534218c",
        ]
      + supported_network_types = (known after apply)
      + tags                    = {
          + "Environment" = "AWS Academy Learner Lab"
          + "ManagedBy"   = "Terraform"
          + "Name"        = "ingestao-lab-db-subnet"
          + "Project"     = "ingestao-lab"
        }
      + tags_all                = {
          + "Environment" = "AWS Academy Learner Lab"
          + "ManagedBy"   = "Terraform"
          + "Name"        = "ingestao-lab-db-subnet"
          + "Project"     = "ingestao-lab"
        }
      + vpc_id                  = (known after apply)
    }

  # aws_instance.runner will be created
  + resource "aws_instance" "runner" {
      + ami                                  = "ami-0006118602dfc1c09"
      + arn                                  = (known after apply)
      + associate_public_ip_address          = true
      + availability_zone                    = (known after apply)
      + cpu_core_count                       = (known after apply)
      + cpu_threads_per_core                 = (known after apply)
      + disable_api_stop                     = (known after apply)
      + disable_api_termination              = (known after apply)
      + ebs_optimized                        = (known after apply)
      + enable_primary_ipv6                  = (known after apply)
      + get_password_data                    = false
      + host_id                              = (known after apply)
      + host_resource_group_arn              = (known after apply)
      + iam_instance_profile                 = "LabInstanceProfile"
      + id                                   = (known after apply)
      + instance_initiated_shutdown_behavior = (known after apply)
      + instance_lifecycle                   = (known after apply)
      + instance_state                       = (known after apply)
      + instance_type                        = "t3.small"
      + ipv6_address_count                   = (known after apply)
      + ipv6_addresses                       = (known after apply)
      + key_name                             = "vockey"
      + monitoring                           = (known after apply)
      + outpost_arn                          = (known after apply)
      + password_data                        = (known after apply)
      + placement_group                      = (known after apply)
      + placement_partition_number           = (known after apply)
      + primary_network_interface_id         = (known after apply)
      + private_dns                          = (known after apply)
      + private_ip                           = (known after apply)
      + public_dns                           = (known after apply)
      + public_ip                            = (known after apply)
      + secondary_private_ips                = (known after apply)
      + security_groups                      = (known after apply)
      + source_dest_check                    = true
      + spot_instance_request_id             = (known after apply)
      + subnet_id                            = "subnet-00b1a472fc31437a1"
      + tags                                 = {
          + "Environment" = "AWS Academy Learner Lab"
          + "ManagedBy"   = "Terraform"
          + "Name"        = "ingestao-lab-runner"
          + "Project"     = "ingestao-lab"
        }
      + tags_all                             = {
          + "Environment" = "AWS Academy Learner Lab"
          + "ManagedBy"   = "Terraform"
          + "Name"        = "ingestao-lab-runner"
          + "Project"     = "ingestao-lab"
        }
      + tenancy                              = (known after apply)
      + user_data                            = "bdb0df7cacaee33dda665718b614d8999e35fcf0"
      + user_data_base64                     = (known after apply)
      + user_data_replace_on_change          = false
      + vpc_security_group_ids               = (known after apply)

      + capacity_reservation_specification (known after apply)

      + cpu_options (known after apply)

      + ebs_block_device (known after apply)

      + enclave_options (known after apply)

      + ephemeral_block_device (known after apply)

      + instance_market_options (known after apply)

      + maintenance_options (known after apply)

      + metadata_options (known after apply)

      + network_interface (known after apply)

      + private_dns_name_options (known after apply)

      + root_block_device (known after apply)
    }

  # aws_s3_bucket.datalake will be created
  + resource "aws_s3_bucket" "datalake" {
      + acceleration_status         = (known after apply)
      + acl                         = (known after apply)
      + arn                         = (known after apply)
      + bucket                      = (known after apply)
      + bucket_domain_name          = (known after apply)
      + bucket_prefix               = "650379606721-ingestao-lab-"
      + bucket_regional_domain_name = (known after apply)
      + force_destroy               = true
      + hosted_zone_id              = (known after apply)
      + id                          = (known after apply)
      + object_lock_enabled         = (known after apply)
      + policy                      = (known after apply)
      + region                      = (known after apply)
      + request_payer               = (known after apply)
      + tags                        = {
          + "Environment" = "AWS Academy Learner Lab"
          + "ManagedBy"   = "Terraform"
          + "Name"        = "ingestao-lab-datalake"
          + "Project"     = "ingestao-lab"
        }
      + tags_all                    = {
          + "Environment" = "AWS Academy Learner Lab"
          + "ManagedBy"   = "Terraform"
          + "Name"        = "ingestao-lab-datalake"
          + "Project"     = "ingestao-lab"
        }
      + website_domain              = (known after apply)
      + website_endpoint            = (known after apply)

      + cors_rule (known after apply)

      + grant (known after apply)

      + lifecycle_rule (known after apply)

      + logging (known after apply)

      + object_lock_configuration (known after apply)

      + replication_configuration (known after apply)

      + server_side_encryption_configuration (known after apply)

      + versioning (known after apply)

      + website (known after apply)
    }

  # aws_s3_bucket_public_access_block.datalake will be created
  + resource "aws_s3_bucket_public_access_block" "datalake" {
      + block_public_acls       = true
      + block_public_policy     = true
      + bucket                  = (known after apply)
      + id                      = (known after apply)
      + ignore_public_acls      = true
      + restrict_public_buckets = true
    }

  # aws_security_group.ingestao will be created
  + resource "aws_security_group" "ingestao" {
      + arn                    = (known after apply)
      + description            = "Security group do laboratorio de ingestao"
      + egress                 = [
          + {
              + cidr_blocks      = [
                  + "0.0.0.0/0",
                ]
              + description      = "Saida para atualizacoes e servicos AWS"
              + from_port        = 0
              + ipv6_cidr_blocks = []
              + prefix_list_ids  = []
              + protocol         = "-1"
              + security_groups  = []
              + self             = false
              + to_port          = 0
            },
        ]
      + id                     = (known after apply)
      + ingress                = [
          + {
              + cidr_blocks      = [
                  + "187.62.131.36/32",
                ]
              + description      = "SSH a partir do computador do estudante"
              + from_port        = 22
              + ipv6_cidr_blocks = []
              + prefix_list_ids  = []
              + protocol         = "tcp"
              + security_groups  = []
              + self             = false
              + to_port          = 22
            },
          + {
              + cidr_blocks      = []
              + description      = "PostgreSQL entre recursos do mesmo security group"
              + from_port        = 5432
              + ipv6_cidr_blocks = []
              + prefix_list_ids  = []
              + protocol         = "tcp"
              + security_groups  = []
              + self             = true
              + to_port          = 5432
            },
        ]
      + name                   = (known after apply)
      + name_prefix            = "ingestao-sg-"
      + owner_id               = (known after apply)
      + revoke_rules_on_delete = false
      + tags                   = {
          + "Environment" = "AWS Academy Learner Lab"
          + "ManagedBy"   = "Terraform"
          + "Name"        = "ingestao-lab-sg"
          + "Project"     = "ingestao-lab"
        }
      + tags_all               = {
          + "Environment" = "AWS Academy Learner Lab"
          + "ManagedBy"   = "Terraform"
          + "Name"        = "ingestao-lab-sg"
          + "Project"     = "ingestao-lab"
        }
      + vpc_id                 = "vpc-0eaa9957299798865"
    }

Plan: 6 to add, 0 to change, 0 to destroy.

Changes to Outputs:
  + account_id      = "650379606721"
  + aws_region      = "us-east-1"
  + db_name         = "ecommerce"
  + db_username     = "ecommerce"
  + ec2_instance_id = (known after apply)
  + ec2_public_ip   = (known after apply)
  + rds_endpoint    = (known after apply)
  + rds_port        = 5432
  + s3_bucket       = (known after apply)
  + ssh_command     = (known after apply)

ÔöÇÔöÇÔöÇÔöÇÔöÇÔöÇÔöÇÔöÇÔöÇÔöÇÔöÇÔöÇÔöÇÔöÇÔöÇÔöÇÔöÇÔöÇÔöÇÔöÇÔöÇÔöÇÔöÇÔöÇÔöÇÔöÇÔöÇÔöÇÔöÇÔöÇÔöÇÔöÇÔöÇÔöÇÔöÇÔöÇÔöÇÔöÇÔöÇÔöÇÔöÇÔöÇÔöÇÔöÇÔöÇÔöÇÔöÇÔöÇÔöÇÔöÇÔöÇÔöÇÔöÇÔöÇÔöÇÔöÇÔöÇÔöÇÔöÇÔöÇÔöÇÔöÇÔöÇÔöÇÔöÇÔöÇÔöÇÔöÇÔöÇÔöÇÔöÇÔöÇÔöÇÔöÇÔöÇÔöÇÔöÇ

Saved the plan to:
D:\GitHub\LAB_GrupoA_EcossistemadeBigData\ingestao\1-infraestrutura\aws\terraform\tfplan.local

To perform exactly these actions, run the following command to apply:
    terraform apply "D:\\GitHub\\LAB_GrupoA_EcossistemadeBigData\\ingestao\\1-infraestrutura\\aws\\terraform\\tfplan.local"

plan_exit_code=0

====================================================
RESUMO DA ETAPA 5
====================================================



SessaoAWS          : VALIDADA
ContaAnonimizada   : ********6721
Regiao             : us-east-1
CIDR_SSH           : 187.62.131.36/32
TerraformValidate  : APROVADO
TerraformPlan      : APROVADO
RecursosAdicionar  : 6
RecursosAlterar    : 0
RecursosDestruir   : 0
PlanoBinarioExiste : True
PlanoIgnoradoGit   : True
Resultado          : APROVADO




Plano anonimizado para evidência:
D:\GitHub\LAB_GrupoA_EcossistemadeBigData\ingestao\evidencias\04-terraform-plan\E21_terraform_plan_anonimizado_20260729-151357.txt
**********************
Fim da transcrição do Windows PowerShell
Hora de término: 20260729151419
**********************
