[2m2026-07-30T15:39:07.648977Z[0m [[32minfo     [0m] [36mmeltano     [0m [1mThe default environment 'dev' will be ignored for `meltano select`. To configure a specific environment, please use the option `--environment=<environment name>`.[0m
[2m2026-07-30T15:39:07.650843Z[0m [[33mwarning  [0m] [36mmeltano     [0m [1mA new version of Meltano is available (v4.2.2) and you are currently running v4.2.1. For more information, visit: https://docs.meltano.com/getting-started/installation.[0m
[2m2026-07-30T15:39:08.159831Z[0m [[32minfo     [0m] [36mmeltano     [0m [1mRunning catalog discovery     [0m
[2m2026-07-30T15:39:08.771665Z[0m [[32minfo     [0m] [36mtap-postgres[0m [1mSkipping parse of env var settings...[0m
Legend:
	selected
	excluded
	automatic
	unsupported

Enabled patterns:
	*.*

Selected properties:
	[selected   ] information_schema-_pg_foreign_data_wrappers.authorization_identifier
	[selected   ] information_schema-_pg_foreign_data_wrappers.fdwoptions
	[selected   ] information_schema-_pg_foreign_data_wrappers.fdwowner
	[selected   ] information_schema-_pg_foreign_data_wrappers.foreign_data_wrapper_catalog
	[selected   ] information_schema-_pg_foreign_data_wrappers.foreign_data_wrapper_language
	[selected   ] information_schema-_pg_foreign_data_wrappers.foreign_data_wrapper_name
	[selected   ] information_schema-_pg_foreign_data_wrappers.oid
	[selected   ] information_schema-_pg_foreign_servers.authorization_identifier
	[selected   ] information_schema-_pg_foreign_servers.foreign_data_wrapper_catalog
	[selected   ] information_schema-_pg_foreign_servers.foreign_data_wrapper_name
	[selected   ] information_schema-_pg_foreign_servers.foreign_server_catalog
	[selected   ] information_schema-_pg_foreign_servers.foreign_server_name
	[selected   ] information_schema-_pg_foreign_servers.foreign_server_type
	[selected   ] information_schema-_pg_foreign_servers.foreign_server_version
	[selected   ] information_schema-_pg_foreign_servers.oid
	[selected   ] information_schema-_pg_foreign_servers.srvoptions
	[selected   ] information_schema-_pg_foreign_table_columns.attfdwoptions
	[selected   ] information_schema-_pg_foreign_table_columns.attname
	[selected   ] information_schema-_pg_foreign_table_columns.nspname
	[selected   ] information_schema-_pg_foreign_table_columns.relname
	[selected   ] information_schema-_pg_foreign_tables.authorization_identifier
	[selected   ] information_schema-_pg_foreign_tables.foreign_server_catalog
	[selected   ] information_schema-_pg_foreign_tables.foreign_server_name
	[selected   ] information_schema-_pg_foreign_tables.foreign_table_catalog
	[selected   ] information_schema-_pg_foreign_tables.foreign_table_name
	[selected   ] information_schema-_pg_foreign_tables.foreign_table_schema
	[selected   ] information_schema-_pg_foreign_tables.ftoptions
	[selected   ] information_schema-_pg_user_mappings.authorization_identifier
	[selected   ] information_schema-_pg_user_mappings.foreign_server_catalog
	[selected   ] information_schema-_pg_user_mappings.foreign_server_name
	[selected   ] information_schema-_pg_user_mappings.oid
	[selected   ] information_schema-_pg_user_mappings.srvowner
	[selected   ] information_schema-_pg_user_mappings.umoptions
	[selected   ] information_schema-_pg_user_mappings.umuser
	[selected   ] information_schema-administrable_role_authorizations.grantee
	[selected   ] information_schema-administrable_role_authorizations.is_grantable
	[selected   ] information_schema-administrable_role_authorizations.role_name
	[selected   ] information_schema-applicable_roles.grantee
	[selected   ] information_schema-applicable_roles.is_grantable
	[selected   ] information_schema-applicable_roles.role_name
	[selected   ] information_schema-attributes.attribute_default
	[selected   ] information_schema-attributes.attribute_name
	[selected   ] information_schema-attributes.attribute_udt_catalog
	[selected   ] information_schema-attributes.attribute_udt_name
	[selected   ] information_schema-attributes.attribute_udt_schema
	[selected   ] information_schema-attributes.character_maximum_length
	[selected   ] information_schema-attributes.character_octet_length
	[selected   ] information_schema-attributes.character_set_catalog
	[selected   ] information_schema-attributes.character_set_name
	[selected   ] information_schema-attributes.character_set_schema
	[selected   ] information_schema-attributes.collation_catalog
	[selected   ] information_schema-attributes.collation_name
	[selected   ] information_schema-attributes.collation_schema
	[selected   ] information_schema-attributes.data_type
	[selected   ] information_schema-attributes.datetime_precision
	[selected   ] information_schema-attributes.dtd_identifier
	[selected   ] information_schema-attributes.interval_precision
	[selected   ] information_schema-attributes.interval_type
	[selected   ] information_schema-attributes.is_derived_reference_attribute
	[selected   ] information_schema-attributes.is_nullable
	[selected   ] information_schema-attributes.maximum_cardinality
	[selected   ] information_schema-attributes.numeric_precision
	[selected   ] information_schema-attributes.numeric_precision_radix
	[selected   ] information_schema-attributes.numeric_scale
	[selected   ] information_schema-attributes.ordinal_position
	[selected   ] information_schema-attributes.scope_catalog
	[selected   ] information_schema-attributes.scope_name
	[selected   ] information_schema-attributes.scope_schema
	[selected   ] information_schema-attributes.udt_catalog
	[selected   ] information_schema-attributes.udt_name
	[selected   ] information_schema-attributes.udt_schema
	[selected   ] information_schema-character_sets.character_repertoire
	[selected   ] information_schema-character_sets.character_set_catalog
	[selected   ] information_schema-character_sets.character_set_name
	[selected   ] information_schema-character_sets.character_set_schema
	[selected   ] information_schema-character_sets.default_collate_catalog
	[selected   ] information_schema-character_sets.default_collate_name
	[selected   ] information_schema-character_sets.default_collate_schema
	[selected   ] information_schema-character_sets.form_of_use
	[selected   ] information_schema-check_constraint_routine_usage.constraint_catalog
	[selected   ] information_schema-check_constraint_routine_usage.constraint_name
	[selected   ] information_schema-check_constraint_routine_usage.constraint_schema
	[selected   ] information_schema-check_constraint_routine_usage.specific_catalog
	[selected   ] information_schema-check_constraint_routine_usage.specific_name
	[selected   ] information_schema-check_constraint_routine_usage.specific_schema
	[selected   ] information_schema-check_constraints.check_clause
	[selected   ] information_schema-check_constraints.constraint_catalog
	[selected   ] information_schema-check_constraints.constraint_name
	[selected   ] information_schema-check_constraints.constraint_schema
	[selected   ] information_schema-collation_character_set_applicability.character_set_catalog
	[selected   ] information_schema-collation_character_set_applicability.character_set_name
	[selected   ] information_schema-collation_character_set_applicability.character_set_schema
	[selected   ] information_schema-collation_character_set_applicability.collation_catalog
	[selected   ] information_schema-collation_character_set_applicability.collation_name
	[selected   ] information_schema-collation_character_set_applicability.collation_schema
	[selected   ] information_schema-collations.collation_catalog
	[selected   ] information_schema-collations.collation_name
	[selected   ] information_schema-collations.collation_schema
	[selected   ] information_schema-collations.pad_attribute
	[selected   ] information_schema-column_column_usage.column_name
	[selected   ] information_schema-column_column_usage.dependent_column
	[selected   ] information_schema-column_column_usage.table_catalog
	[selected   ] information_schema-column_column_usage.table_name
	[selected   ] information_schema-column_column_usage.table_schema
	[selected   ] information_schema-column_domain_usage.column_name
	[selected   ] information_schema-column_domain_usage.domain_catalog
	[selected   ] information_schema-column_domain_usage.domain_name
	[selected   ] information_schema-column_domain_usage.domain_schema
	[selected   ] information_schema-column_domain_usage.table_catalog
	[selected   ] information_schema-column_domain_usage.table_name
	[selected   ] information_schema-column_domain_usage.table_schema
	[selected   ] information_schema-column_options.column_name
	[selected   ] information_schema-column_options.option_name
	[selected   ] information_schema-column_options.option_value
	[selected   ] information_schema-column_options.table_catalog
	[selected   ] information_schema-column_options.table_name
	[selected   ] information_schema-column_options.table_schema
	[selected   ] information_schema-column_privileges.column_name
	[selected   ] information_schema-column_privileges.grantee
	[selected   ] information_schema-column_privileges.grantor
	[selected   ] information_schema-column_privileges.is_grantable
	[selected   ] information_schema-column_privileges.privilege_type
	[selected   ] information_schema-column_privileges.table_catalog
	[selected   ] information_schema-column_privileges.table_name
	[selected   ] information_schema-column_privileges.table_schema
	[selected   ] information_schema-column_udt_usage.column_name
	[selected   ] information_schema-column_udt_usage.table_catalog
	[selected   ] information_schema-column_udt_usage.table_name
	[selected   ] information_schema-column_udt_usage.table_schema
	[selected   ] information_schema-column_udt_usage.udt_catalog
	[selected   ] information_schema-column_udt_usage.udt_name
	[selected   ] information_schema-column_udt_usage.udt_schema
	[selected   ] information_schema-columns.character_maximum_length
	[selected   ] information_schema-columns.character_octet_length
	[selected   ] information_schema-columns.character_set_catalog
	[selected   ] information_schema-columns.character_set_name
	[selected   ] information_schema-columns.character_set_schema
	[selected   ] information_schema-columns.collation_catalog
	[selected   ] information_schema-columns.collation_name
	[selected   ] information_schema-columns.collation_schema
	[selected   ] information_schema-columns.column_default
	[selected   ] information_schema-columns.column_name
	[selected   ] information_schema-columns.data_type
	[selected   ] information_schema-columns.datetime_precision
	[selected   ] information_schema-columns.domain_catalog
	[selected   ] information_schema-columns.domain_name
	[selected   ] information_schema-columns.domain_schema
	[selected   ] information_schema-columns.dtd_identifier
	[selected   ] information_schema-columns.generation_expression
	[selected   ] information_schema-columns.identity_cycle
	[selected   ] information_schema-columns.identity_generation
	[selected   ] information_schema-columns.identity_increment
	[selected   ] information_schema-columns.identity_maximum
	[selected   ] information_schema-columns.identity_minimum
	[selected   ] information_schema-columns.identity_start
	[selected   ] information_schema-columns.interval_precision
	[selected   ] information_schema-columns.interval_type
	[selected   ] information_schema-columns.is_generated
	[selected   ] information_schema-columns.is_identity
	[selected   ] information_schema-columns.is_nullable
	[selected   ] information_schema-columns.is_self_referencing
	[selected   ] information_schema-columns.is_updatable
	[selected   ] information_schema-columns.maximum_cardinality
	[selected   ] information_schema-columns.numeric_precision
	[selected   ] information_schema-columns.numeric_precision_radix
	[selected   ] information_schema-columns.numeric_scale
	[selected   ] information_schema-columns.ordinal_position
	[selected   ] information_schema-columns.scope_catalog
	[selected   ] information_schema-columns.scope_name
	[selected   ] information_schema-columns.scope_schema
	[selected   ] information_schema-columns.table_catalog
	[selected   ] information_schema-columns.table_name
	[selected   ] information_schema-columns.table_schema
	[selected   ] information_schema-columns.udt_catalog
	[selected   ] information_schema-columns.udt_name
	[selected   ] information_schema-columns.udt_schema
	[selected   ] information_schema-constraint_column_usage.column_name
	[selected   ] information_schema-constraint_column_usage.constraint_catalog
	[selected   ] information_schema-constraint_column_usage.constraint_name
	[selected   ] information_schema-constraint_column_usage.constraint_schema
	[selected   ] information_schema-constraint_column_usage.table_catalog
	[selected   ] information_schema-constraint_column_usage.table_name
	[selected   ] information_schema-constraint_column_usage.table_schema
	[selected   ] information_schema-constraint_table_usage.constraint_catalog
	[selected   ] information_schema-constraint_table_usage.constraint_name
	[selected   ] information_schema-constraint_table_usage.constraint_schema
	[selected   ] information_schema-constraint_table_usage.table_catalog
	[selected   ] information_schema-constraint_table_usage.table_name
	[selected   ] information_schema-constraint_table_usage.table_schema
	[selected   ] information_schema-data_type_privileges.dtd_identifier
	[selected   ] information_schema-data_type_privileges.object_catalog
	[selected   ] information_schema-data_type_privileges.object_name
	[selected   ] information_schema-data_type_privileges.object_schema
	[selected   ] information_schema-data_type_privileges.object_type
	[selected   ] information_schema-domain_constraints.constraint_catalog
	[selected   ] information_schema-domain_constraints.constraint_name
	[selected   ] information_schema-domain_constraints.constraint_schema
	[selected   ] information_schema-domain_constraints.domain_catalog
	[selected   ] information_schema-domain_constraints.domain_name
	[selected   ] information_schema-domain_constraints.domain_schema
	[selected   ] information_schema-domain_constraints.initially_deferred
	[selected   ] information_schema-domain_constraints.is_deferrable
	[selected   ] information_schema-domain_udt_usage.domain_catalog
	[selected   ] information_schema-domain_udt_usage.domain_name
	[selected   ] information_schema-domain_udt_usage.domain_schema
	[selected   ] information_schema-domain_udt_usage.udt_catalog
	[selected   ] information_schema-domain_udt_usage.udt_name
	[selected   ] information_schema-domain_udt_usage.udt_schema
	[selected   ] information_schema-domains.character_maximum_length
	[selected   ] information_schema-domains.character_octet_length
	[selected   ] information_schema-domains.character_set_catalog
	[selected   ] information_schema-domains.character_set_name
	[selected   ] information_schema-domains.character_set_schema
	[selected   ] information_schema-domains.collation_catalog
	[selected   ] information_schema-domains.collation_name
	[selected   ] information_schema-domains.collation_schema
	[selected   ] information_schema-domains.data_type
	[selected   ] information_schema-domains.datetime_precision
	[selected   ] information_schema-domains.domain_catalog
	[selected   ] information_schema-domains.domain_default
	[selected   ] information_schema-domains.domain_name
	[selected   ] information_schema-domains.domain_schema
	[selected   ] information_schema-domains.dtd_identifier
	[selected   ] information_schema-domains.interval_precision
	[selected   ] information_schema-domains.interval_type
	[selected   ] information_schema-domains.maximum_cardinality
	[selected   ] information_schema-domains.numeric_precision
	[selected   ] information_schema-domains.numeric_precision_radix
	[selected   ] information_schema-domains.numeric_scale
	[selected   ] information_schema-domains.scope_catalog
	[selected   ] information_schema-domains.scope_name
	[selected   ] information_schema-domains.scope_schema
	[selected   ] information_schema-domains.udt_catalog
	[selected   ] information_schema-domains.udt_name
	[selected   ] information_schema-domains.udt_schema
	[selected   ] information_schema-element_types.character_maximum_length
	[selected   ] information_schema-element_types.character_octet_length
	[selected   ] information_schema-element_types.character_set_catalog
	[selected   ] information_schema-element_types.character_set_name
	[selected   ] information_schema-element_types.character_set_schema
	[selected   ] information_schema-element_types.collation_catalog
	[selected   ] information_schema-element_types.collation_name
	[selected   ] information_schema-element_types.collation_schema
	[selected   ] information_schema-element_types.collection_type_identifier
	[selected   ] information_schema-element_types.data_type
	[selected   ] information_schema-element_types.datetime_precision
	[selected   ] information_schema-element_types.dtd_identifier
	[selected   ] information_schema-element_types.interval_precision
	[selected   ] information_schema-element_types.interval_type
	[selected   ] information_schema-element_types.maximum_cardinality
	[selected   ] information_schema-element_types.numeric_precision
	[selected   ] information_schema-element_types.numeric_precision_radix
	[selected   ] information_schema-element_types.numeric_scale
	[selected   ] information_schema-element_types.object_catalog
	[selected   ] information_schema-element_types.object_name
	[selected   ] information_schema-element_types.object_schema
	[selected   ] information_schema-element_types.object_type
	[selected   ] information_schema-element_types.scope_catalog
	[selected   ] information_schema-element_types.scope_name
	[selected   ] information_schema-element_types.scope_schema
	[selected   ] information_schema-element_types.udt_catalog
	[selected   ] information_schema-element_types.udt_name
	[selected   ] information_schema-element_types.udt_schema
	[selected   ] information_schema-enabled_roles.role_name
	[selected   ] information_schema-foreign_data_wrapper_options.foreign_data_wrapper_catalog
	[selected   ] information_schema-foreign_data_wrapper_options.foreign_data_wrapper_name
	[selected   ] information_schema-foreign_data_wrapper_options.option_name
	[selected   ] information_schema-foreign_data_wrapper_options.option_value
	[selected   ] information_schema-foreign_data_wrappers.authorization_identifier
	[selected   ] information_schema-foreign_data_wrappers.foreign_data_wrapper_catalog
	[selected   ] information_schema-foreign_data_wrappers.foreign_data_wrapper_language
	[selected   ] information_schema-foreign_data_wrappers.foreign_data_wrapper_name
	[selected   ] information_schema-foreign_data_wrappers.library_name
	[selected   ] information_schema-foreign_server_options.foreign_server_catalog
	[selected   ] information_schema-foreign_server_options.foreign_server_name
	[selected   ] information_schema-foreign_server_options.option_name
	[selected   ] information_schema-foreign_server_options.option_value
	[selected   ] information_schema-foreign_servers.authorization_identifier
	[selected   ] information_schema-foreign_servers.foreign_data_wrapper_catalog
	[selected   ] information_schema-foreign_servers.foreign_data_wrapper_name
	[selected   ] information_schema-foreign_servers.foreign_server_catalog
	[selected   ] information_schema-foreign_servers.foreign_server_name
	[selected   ] information_schema-foreign_servers.foreign_server_type
	[selected   ] information_schema-foreign_servers.foreign_server_version
	[selected   ] information_schema-foreign_table_options.foreign_table_catalog
	[selected   ] information_schema-foreign_table_options.foreign_table_name
	[selected   ] information_schema-foreign_table_options.foreign_table_schema
	[selected   ] information_schema-foreign_table_options.option_name
	[selected   ] information_schema-foreign_table_options.option_value
	[selected   ] information_schema-foreign_tables.foreign_server_catalog
	[selected   ] information_schema-foreign_tables.foreign_server_name
	[selected   ] information_schema-foreign_tables.foreign_table_catalog
	[selected   ] information_schema-foreign_tables.foreign_table_name
	[selected   ] information_schema-foreign_tables.foreign_table_schema
	[selected   ] information_schema-information_schema_catalog_name.catalog_name
	[selected   ] information_schema-key_column_usage.column_name
	[selected   ] information_schema-key_column_usage.constraint_catalog
	[selected   ] information_schema-key_column_usage.constraint_name
	[selected   ] information_schema-key_column_usage.constraint_schema
	[selected   ] information_schema-key_column_usage.ordinal_position
	[selected   ] information_schema-key_column_usage.position_in_unique_constraint
	[selected   ] information_schema-key_column_usage.table_catalog
	[selected   ] information_schema-key_column_usage.table_name
	[selected   ] information_schema-key_column_usage.table_schema
	[selected   ] information_schema-parameters.as_locator
	[selected   ] information_schema-parameters.character_maximum_length
	[selected   ] information_schema-parameters.character_octet_length
	[selected   ] information_schema-parameters.character_set_catalog
	[selected   ] information_schema-parameters.character_set_name
	[selected   ] information_schema-parameters.character_set_schema
	[selected   ] information_schema-parameters.collation_catalog
	[selected   ] information_schema-parameters.collation_name
	[selected   ] information_schema-parameters.collation_schema
	[selected   ] information_schema-parameters.data_type
	[selected   ] information_schema-parameters.datetime_precision
	[selected   ] information_schema-parameters.dtd_identifier
	[selected   ] information_schema-parameters.interval_precision
	[selected   ] information_schema-parameters.interval_type
	[selected   ] information_schema-parameters.is_result
	[selected   ] information_schema-parameters.maximum_cardinality
	[selected   ] information_schema-parameters.numeric_precision
	[selected   ] information_schema-parameters.numeric_precision_radix
	[selected   ] information_schema-parameters.numeric_scale
	[selected   ] information_schema-parameters.ordinal_position
	[selected   ] information_schema-parameters.parameter_default
	[selected   ] information_schema-parameters.parameter_mode
	[selected   ] information_schema-parameters.parameter_name
	[selected   ] information_schema-parameters.scope_catalog
	[selected   ] information_schema-parameters.scope_name
	[selected   ] information_schema-parameters.scope_schema
	[selected   ] information_schema-parameters.specific_catalog
	[selected   ] information_schema-parameters.specific_name
	[selected   ] information_schema-parameters.specific_schema
	[selected   ] information_schema-parameters.udt_catalog
	[selected   ] information_schema-parameters.udt_name
	[selected   ] information_schema-parameters.udt_schema
	[selected   ] information_schema-referential_constraints.constraint_catalog
	[selected   ] information_schema-referential_constraints.constraint_name
	[selected   ] information_schema-referential_constraints.constraint_schema
	[selected   ] information_schema-referential_constraints.delete_rule
	[selected   ] information_schema-referential_constraints.match_option
	[selected   ] information_schema-referential_constraints.unique_constraint_catalog
	[selected   ] information_schema-referential_constraints.unique_constraint_name
	[selected   ] information_schema-referential_constraints.unique_constraint_schema
	[selected   ] information_schema-referential_constraints.update_rule
	[selected   ] information_schema-role_column_grants.column_name
	[selected   ] information_schema-role_column_grants.grantee
	[selected   ] information_schema-role_column_grants.grantor
	[selected   ] information_schema-role_column_grants.is_grantable
	[selected   ] information_schema-role_column_grants.privilege_type
	[selected   ] information_schema-role_column_grants.table_catalog
	[selected   ] information_schema-role_column_grants.table_name
	[selected   ] information_schema-role_column_grants.table_schema
	[selected   ] information_schema-role_routine_grants.grantee
	[selected   ] information_schema-role_routine_grants.grantor
	[selected   ] information_schema-role_routine_grants.is_grantable
	[selected   ] information_schema-role_routine_grants.privilege_type
	[selected   ] information_schema-role_routine_grants.routine_catalog
	[selected   ] information_schema-role_routine_grants.routine_name
	[selected   ] information_schema-role_routine_grants.routine_schema
	[selected   ] information_schema-role_routine_grants.specific_catalog
	[selected   ] information_schema-role_routine_grants.specific_name
	[selected   ] information_schema-role_routine_grants.specific_schema
	[selected   ] information_schema-role_table_grants.grantee
	[selected   ] information_schema-role_table_grants.grantor
	[selected   ] information_schema-role_table_grants.is_grantable
	[selected   ] information_schema-role_table_grants.privilege_type
	[selected   ] information_schema-role_table_grants.table_catalog
	[selected   ] information_schema-role_table_grants.table_name
	[selected   ] information_schema-role_table_grants.table_schema
	[selected   ] information_schema-role_table_grants.with_hierarchy
	[selected   ] information_schema-role_udt_grants.grantee
	[selected   ] information_schema-role_udt_grants.grantor
	[selected   ] information_schema-role_udt_grants.is_grantable
	[selected   ] information_schema-role_udt_grants.privilege_type
	[selected   ] information_schema-role_udt_grants.udt_catalog
	[selected   ] information_schema-role_udt_grants.udt_name
	[selected   ] information_schema-role_udt_grants.udt_schema
	[selected   ] information_schema-role_usage_grants.grantee
	[selected   ] information_schema-role_usage_grants.grantor
	[selected   ] information_schema-role_usage_grants.is_grantable
	[selected   ] information_schema-role_usage_grants.object_catalog
	[selected   ] information_schema-role_usage_grants.object_name
	[selected   ] information_schema-role_usage_grants.object_schema
	[selected   ] information_schema-role_usage_grants.object_type
	[selected   ] information_schema-role_usage_grants.privilege_type
	[selected   ] information_schema-routine_column_usage.column_name
	[selected   ] information_schema-routine_column_usage.routine_catalog
	[selected   ] information_schema-routine_column_usage.routine_name
	[selected   ] information_schema-routine_column_usage.routine_schema
	[selected   ] information_schema-routine_column_usage.specific_catalog
	[selected   ] information_schema-routine_column_usage.specific_name
	[selected   ] information_schema-routine_column_usage.specific_schema
	[selected   ] information_schema-routine_column_usage.table_catalog
	[selected   ] information_schema-routine_column_usage.table_name
	[selected   ] information_schema-routine_column_usage.table_schema
	[selected   ] information_schema-routine_privileges.grantee
	[selected   ] information_schema-routine_privileges.grantor
	[selected   ] information_schema-routine_privileges.is_grantable
	[selected   ] information_schema-routine_privileges.privilege_type
	[selected   ] information_schema-routine_privileges.routine_catalog
	[selected   ] information_schema-routine_privileges.routine_name
	[selected   ] information_schema-routine_privileges.routine_schema
	[selected   ] information_schema-routine_privileges.specific_catalog
	[selected   ] information_schema-routine_privileges.specific_name
	[selected   ] information_schema-routine_privileges.specific_schema
	[selected   ] information_schema-routine_routine_usage.routine_catalog
	[selected   ] information_schema-routine_routine_usage.routine_name
	[selected   ] information_schema-routine_routine_usage.routine_schema
	[selected   ] information_schema-routine_routine_usage.specific_catalog
	[selected   ] information_schema-routine_routine_usage.specific_name
	[selected   ] information_schema-routine_routine_usage.specific_schema
	[selected   ] information_schema-routine_sequence_usage.routine_catalog
	[selected   ] information_schema-routine_sequence_usage.routine_name
	[selected   ] information_schema-routine_sequence_usage.routine_schema
	[selected   ] information_schema-routine_sequence_usage.sequence_catalog
	[selected   ] information_schema-routine_sequence_usage.sequence_name
	[selected   ] information_schema-routine_sequence_usage.sequence_schema
	[selected   ] information_schema-routine_sequence_usage.specific_catalog
	[selected   ] information_schema-routine_sequence_usage.specific_name
	[selected   ] information_schema-routine_sequence_usage.specific_schema
	[selected   ] information_schema-routine_table_usage.routine_catalog
	[selected   ] information_schema-routine_table_usage.routine_name
	[selected   ] information_schema-routine_table_usage.routine_schema
	[selected   ] information_schema-routine_table_usage.specific_catalog
	[selected   ] information_schema-routine_table_usage.specific_name
	[selected   ] information_schema-routine_table_usage.specific_schema
	[selected   ] information_schema-routine_table_usage.table_catalog
	[selected   ] information_schema-routine_table_usage.table_name
	[selected   ] information_schema-routine_table_usage.table_schema
	[selected   ] information_schema-routines.as_locator
	[selected   ] information_schema-routines.character_maximum_length
	[selected   ] information_schema-routines.character_octet_length
	[selected   ] information_schema-routines.character_set_catalog
	[selected   ] information_schema-routines.character_set_name
	[selected   ] information_schema-routines.character_set_schema
	[selected   ] information_schema-routines.collation_catalog
	[selected   ] information_schema-routines.collation_name
	[selected   ] information_schema-routines.collation_schema
	[selected   ] information_schema-routines.created
	[selected   ] information_schema-routines.data_type
	[selected   ] information_schema-routines.datetime_precision
	[selected   ] information_schema-routines.dtd_identifier
	[selected   ] information_schema-routines.external_language
	[selected   ] information_schema-routines.external_name
	[selected   ] information_schema-routines.interval_precision
	[selected   ] information_schema-routines.interval_type
	[selected   ] information_schema-routines.is_deterministic
	[selected   ] information_schema-routines.is_implicitly_invocable
	[selected   ] information_schema-routines.is_null_call
	[selected   ] information_schema-routines.is_udt_dependent
	[selected   ] information_schema-routines.is_user_defined_cast
	[selected   ] information_schema-routines.last_altered
	[selected   ] information_schema-routines.max_dynamic_result_sets
	[selected   ] information_schema-routines.maximum_cardinality
	[selected   ] information_schema-routines.module_catalog
	[selected   ] information_schema-routines.module_name
	[selected   ] information_schema-routines.module_schema
	[selected   ] information_schema-routines.new_savepoint_level
	[selected   ] information_schema-routines.numeric_precision
	[selected   ] information_schema-routines.numeric_precision_radix
	[selected   ] information_schema-routines.numeric_scale
	[selected   ] information_schema-routines.parameter_style
	[selected   ] information_schema-routines.result_cast_as_locator
	[selected   ] information_schema-routines.result_cast_char_max_length
	[selected   ] information_schema-routines.result_cast_char_octet_length
	[selected   ] information_schema-routines.result_cast_char_set_catalog
	[selected   ] information_schema-routines.result_cast_char_set_name
	[selected   ] information_schema-routines.result_cast_char_set_schema
	[selected   ] information_schema-routines.result_cast_collation_catalog
	[selected   ] information_schema-routines.result_cast_collation_name
	[selected   ] information_schema-routines.result_cast_collation_schema
	[selected   ] information_schema-routines.result_cast_datetime_precision
	[selected   ] information_schema-routines.result_cast_dtd_identifier
	[selected   ] information_schema-routines.result_cast_from_data_type
	[selected   ] information_schema-routines.result_cast_interval_precision
	[selected   ] information_schema-routines.result_cast_interval_type
	[selected   ] information_schema-routines.result_cast_maximum_cardinality
	[selected   ] information_schema-routines.result_cast_numeric_precision
	[selected   ] information_schema-routines.result_cast_numeric_precision_radix
	[selected   ] information_schema-routines.result_cast_numeric_scale
	[selected   ] information_schema-routines.result_cast_scope_catalog
	[selected   ] information_schema-routines.result_cast_scope_name
	[selected   ] information_schema-routines.result_cast_scope_schema
	[selected   ] information_schema-routines.result_cast_type_udt_catalog
	[selected   ] information_schema-routines.result_cast_type_udt_name
	[selected   ] information_schema-routines.result_cast_type_udt_schema
	[selected   ] information_schema-routines.routine_body
	[selected   ] information_schema-routines.routine_catalog
	[selected   ] information_schema-routines.routine_definition
	[selected   ] information_schema-routines.routine_name
	[selected   ] information_schema-routines.routine_schema
	[selected   ] information_schema-routines.routine_type
	[selected   ] information_schema-routines.schema_level_routine
	[selected   ] information_schema-routines.scope_catalog
	[selected   ] information_schema-routines.scope_name
	[selected   ] information_schema-routines.scope_schema
	[selected   ] information_schema-routines.security_type
	[selected   ] information_schema-routines.specific_catalog
	[selected   ] information_schema-routines.specific_name
	[selected   ] information_schema-routines.specific_schema
	[selected   ] information_schema-routines.sql_data_access
	[selected   ] information_schema-routines.sql_path
	[selected   ] information_schema-routines.to_sql_specific_catalog
	[selected   ] information_schema-routines.to_sql_specific_name
	[selected   ] information_schema-routines.to_sql_specific_schema
	[selected   ] information_schema-routines.type_udt_catalog
	[selected   ] information_schema-routines.type_udt_name
	[selected   ] information_schema-routines.type_udt_schema
	[selected   ] information_schema-routines.udt_catalog
	[selected   ] information_schema-routines.udt_name
	[selected   ] information_schema-routines.udt_schema
	[selected   ] information_schema-schemata.catalog_name
	[selected   ] information_schema-schemata.default_character_set_catalog
	[selected   ] information_schema-schemata.default_character_set_name
	[selected   ] information_schema-schemata.default_character_set_schema
	[selected   ] information_schema-schemata.schema_name
	[selected   ] information_schema-schemata.schema_owner
	[selected   ] information_schema-schemata.sql_path
	[selected   ] information_schema-sequences.cycle_option
	[selected   ] information_schema-sequences.data_type
	[selected   ] information_schema-sequences.increment
	[selected   ] information_schema-sequences.maximum_value
	[selected   ] information_schema-sequences.minimum_value
	[selected   ] information_schema-sequences.numeric_precision
	[selected   ] information_schema-sequences.numeric_precision_radix
	[selected   ] information_schema-sequences.numeric_scale
	[selected   ] information_schema-sequences.sequence_catalog
	[selected   ] information_schema-sequences.sequence_name
	[selected   ] information_schema-sequences.sequence_schema
	[selected   ] information_schema-sequences.start_value
	[selected   ] information_schema-sql_features.comments
	[selected   ] information_schema-sql_features.feature_id
	[selected   ] information_schema-sql_features.feature_name
	[selected   ] information_schema-sql_features.is_supported
	[selected   ] information_schema-sql_features.is_verified_by
	[selected   ] information_schema-sql_features.sub_feature_id
	[selected   ] information_schema-sql_features.sub_feature_name
	[selected   ] information_schema-sql_implementation_info.character_value
	[selected   ] information_schema-sql_implementation_info.comments
	[selected   ] information_schema-sql_implementation_info.implementation_info_id
	[selected   ] information_schema-sql_implementation_info.implementation_info_name
	[selected   ] information_schema-sql_implementation_info.integer_value
	[selected   ] information_schema-sql_parts.comments
	[selected   ] information_schema-sql_parts.feature_id
	[selected   ] information_schema-sql_parts.feature_name
	[selected   ] information_schema-sql_parts.is_supported
	[selected   ] information_schema-sql_parts.is_verified_by
	[selected   ] information_schema-sql_sizing.comments
	[selected   ] information_schema-sql_sizing.sizing_id
	[selected   ] information_schema-sql_sizing.sizing_name
	[selected   ] information_schema-sql_sizing.supported_value
	[selected   ] information_schema-table_constraints.constraint_catalog
	[selected   ] information_schema-table_constraints.constraint_name
	[selected   ] information_schema-table_constraints.constraint_schema
	[selected   ] information_schema-table_constraints.constraint_type
	[selected   ] information_schema-table_constraints.enforced
	[selected   ] information_schema-table_constraints.initially_deferred
	[selected   ] information_schema-table_constraints.is_deferrable
	[selected   ] information_schema-table_constraints.nulls_distinct
	[selected   ] information_schema-table_constraints.table_catalog
	[selected   ] information_schema-table_constraints.table_name
	[selected   ] information_schema-table_constraints.table_schema
	[selected   ] information_schema-table_privileges.grantee
	[selected   ] information_schema-table_privileges.grantor
	[selected   ] information_schema-table_privileges.is_grantable
	[selected   ] information_schema-table_privileges.privilege_type
	[selected   ] information_schema-table_privileges.table_catalog
	[selected   ] information_schema-table_privileges.table_name
	[selected   ] information_schema-table_privileges.table_schema
	[selected   ] information_schema-table_privileges.with_hierarchy
	[selected   ] information_schema-tables.commit_action
	[selected   ] information_schema-tables.is_insertable_into
	[selected   ] information_schema-tables.is_typed
	[selected   ] information_schema-tables.reference_generation
	[selected   ] information_schema-tables.self_referencing_column_name
	[selected   ] information_schema-tables.table_catalog
	[selected   ] information_schema-tables.table_name
	[selected   ] information_schema-tables.table_schema
	[selected   ] information_schema-tables.table_type
	[selected   ] information_schema-tables.user_defined_type_catalog
	[selected   ] information_schema-tables.user_defined_type_name
	[selected   ] information_schema-tables.user_defined_type_schema
	[selected   ] information_schema-transforms.group_name
	[selected   ] information_schema-transforms.specific_catalog
	[selected   ] information_schema-transforms.specific_name
	[selected   ] information_schema-transforms.specific_schema
	[selected   ] information_schema-transforms.transform_type
	[selected   ] information_schema-transforms.udt_catalog
	[selected   ] information_schema-transforms.udt_name
	[selected   ] information_schema-transforms.udt_schema
	[selected   ] information_schema-triggered_update_columns.event_object_catalog
	[selected   ] information_schema-triggered_update_columns.event_object_column
	[selected   ] information_schema-triggered_update_columns.event_object_schema
	[selected   ] information_schema-triggered_update_columns.event_object_table
	[selected   ] information_schema-triggered_update_columns.trigger_catalog
	[selected   ] information_schema-triggered_update_columns.trigger_name
	[selected   ] information_schema-triggered_update_columns.trigger_schema
	[selected   ] information_schema-triggers.action_condition
	[selected   ] information_schema-triggers.action_order
	[selected   ] information_schema-triggers.action_orientation
	[selected   ] information_schema-triggers.action_reference_new_row
	[selected   ] information_schema-triggers.action_reference_new_table
	[selected   ] information_schema-triggers.action_reference_old_row
	[selected   ] information_schema-triggers.action_reference_old_table
	[selected   ] information_schema-triggers.action_statement
	[selected   ] information_schema-triggers.action_timing
	[selected   ] information_schema-triggers.created
	[selected   ] information_schema-triggers.event_manipulation
	[selected   ] information_schema-triggers.event_object_catalog
	[selected   ] information_schema-triggers.event_object_schema
	[selected   ] information_schema-triggers.event_object_table
	[selected   ] information_schema-triggers.trigger_catalog
	[selected   ] information_schema-triggers.trigger_name
	[selected   ] information_schema-triggers.trigger_schema
	[selected   ] information_schema-udt_privileges.grantee
	[selected   ] information_schema-udt_privileges.grantor
	[selected   ] information_schema-udt_privileges.is_grantable
	[selected   ] information_schema-udt_privileges.privilege_type
	[selected   ] information_schema-udt_privileges.udt_catalog
	[selected   ] information_schema-udt_privileges.udt_name
	[selected   ] information_schema-udt_privileges.udt_schema
	[selected   ] information_schema-usage_privileges.grantee
	[selected   ] information_schema-usage_privileges.grantor
	[selected   ] information_schema-usage_privileges.is_grantable
	[selected   ] information_schema-usage_privileges.object_catalog
	[selected   ] information_schema-usage_privileges.object_name
	[selected   ] information_schema-usage_privileges.object_schema
	[selected   ] information_schema-usage_privileges.object_type
	[selected   ] information_schema-usage_privileges.privilege_type
	[selected   ] information_schema-user_defined_types.character_maximum_length
	[selected   ] information_schema-user_defined_types.character_octet_length
	[selected   ] information_schema-user_defined_types.character_set_catalog
	[selected   ] information_schema-user_defined_types.character_set_name
	[selected   ] information_schema-user_defined_types.character_set_schema
	[selected   ] information_schema-user_defined_types.collation_catalog
	[selected   ] information_schema-user_defined_types.collation_name
	[selected   ] information_schema-user_defined_types.collation_schema
	[selected   ] information_schema-user_defined_types.data_type
	[selected   ] information_schema-user_defined_types.datetime_precision
	[selected   ] information_schema-user_defined_types.interval_precision
	[selected   ] information_schema-user_defined_types.interval_type
	[selected   ] information_schema-user_defined_types.is_final
	[selected   ] information_schema-user_defined_types.is_instantiable
	[selected   ] information_schema-user_defined_types.numeric_precision
	[selected   ] information_schema-user_defined_types.numeric_precision_radix
	[selected   ] information_schema-user_defined_types.numeric_scale
	[selected   ] information_schema-user_defined_types.ordering_category
	[selected   ] information_schema-user_defined_types.ordering_form
	[selected   ] information_schema-user_defined_types.ordering_routine_catalog
	[selected   ] information_schema-user_defined_types.ordering_routine_name
	[selected   ] information_schema-user_defined_types.ordering_routine_schema
	[selected   ] information_schema-user_defined_types.ref_dtd_identifier
	[selected   ] information_schema-user_defined_types.reference_type
	[selected   ] information_schema-user_defined_types.source_dtd_identifier
	[selected   ] information_schema-user_defined_types.user_defined_type_catalog
	[selected   ] information_schema-user_defined_types.user_defined_type_category
	[selected   ] information_schema-user_defined_types.user_defined_type_name
	[selected   ] information_schema-user_defined_types.user_defined_type_schema
	[selected   ] information_schema-user_mapping_options.authorization_identifier
	[selected   ] information_schema-user_mapping_options.foreign_server_catalog
	[selected   ] information_schema-user_mapping_options.foreign_server_name
	[selected   ] information_schema-user_mapping_options.option_name
	[selected   ] information_schema-user_mapping_options.option_value
	[selected   ] information_schema-user_mappings.authorization_identifier
	[selected   ] information_schema-user_mappings.foreign_server_catalog
	[selected   ] information_schema-user_mappings.foreign_server_name
	[selected   ] information_schema-view_column_usage.column_name
	[selected   ] information_schema-view_column_usage.table_catalog
	[selected   ] information_schema-view_column_usage.table_name
	[selected   ] information_schema-view_column_usage.table_schema
	[selected   ] information_schema-view_column_usage.view_catalog
	[selected   ] information_schema-view_column_usage.view_name
	[selected   ] information_schema-view_column_usage.view_schema
	[selected   ] information_schema-view_routine_usage.specific_catalog
	[selected   ] information_schema-view_routine_usage.specific_name
	[selected   ] information_schema-view_routine_usage.specific_schema
	[selected   ] information_schema-view_routine_usage.table_catalog
	[selected   ] information_schema-view_routine_usage.table_name
	[selected   ] information_schema-view_routine_usage.table_schema
	[selected   ] information_schema-view_table_usage.table_catalog
	[selected   ] information_schema-view_table_usage.table_name
	[selected   ] information_schema-view_table_usage.table_schema
	[selected   ] information_schema-view_table_usage.view_catalog
	[selected   ] information_schema-view_table_usage.view_name
	[selected   ] information_schema-view_table_usage.view_schema
	[selected   ] information_schema-views.check_option
	[selected   ] information_schema-views.is_insertable_into
	[selected   ] information_schema-views.is_trigger_deletable
	[selected   ] information_schema-views.is_trigger_insertable_into
	[selected   ] information_schema-views.is_trigger_updatable
	[selected   ] information_schema-views.is_updatable
	[selected   ] information_schema-views.table_catalog
	[selected   ] information_schema-views.table_name
	[selected   ] information_schema-views.table_schema
	[selected   ] information_schema-views.view_definition
	[selected   ] public-clientes.cidade
	[automatic  ] public-clientes.cliente_id
	[selected   ] public-clientes.criado_em
	[selected   ] public-clientes.email
	[selected   ] public-clientes.estado
	[selected   ] public-clientes.nome
	[selected   ] public-produtos.categoria
	[selected   ] public-produtos.criado_em
	[selected   ] public-produtos.estoque
	[selected   ] public-produtos.nome
	[selected   ] public-produtos.preco
	[automatic  ] public-produtos.produto_id
	[selected   ] public-vendas.cliente_id
	[selected   ] public-vendas.data_venda
	[selected   ] public-vendas.desconto
	[selected   ] public-vendas.produto_id
	[selected   ] public-vendas.quantidade
	[selected   ] public-vendas.valor_unitario
	[automatic  ] public-vendas.venda_id
