====================================================
INSTALAÇÃO DO DLT — TUTORIAL 3 AWS
====================================================
Data=2026-07-30T18:38:00+00:00
Usuario=ec2-user
Projeto=/home/ec2-user/projeto_dlthub
AmbienteVirtual=/home/ec2-user/dlt-venv

====================================================
1. CRIAÇÃO DO AMBIENTE VIRTUAL
====================================================
venv_create_exit_code=0

PythonAtivo=/home/ec2-user/dlt-venv/bin/python
PipAtivo=/home/ec2-user/dlt-venv/bin/pip
activate_exit_code=0

====================================================
2. ATUALIZAÇÃO DAS FERRAMENTAS DE INSTALAÇÃO
====================================================
Requirement already satisfied: pip in ./dlt-venv/lib64/python3.11/site-packages (22.3.1)
Collecting pip
  Using cached pip-26.2-py3-none-any.whl (1.8 MB)
Requirement already satisfied: setuptools in ./dlt-venv/lib64/python3.11/site-packages (65.5.1)
Collecting setuptools
  Using cached setuptools-83.0.0-py3-none-any.whl (1.0 MB)
Collecting wheel
  Using cached wheel-0.47.0-py3-none-any.whl (32 kB)
Collecting packaging>=24.0
  Using cached packaging-26.2-py3-none-any.whl (100 kB)
Installing collected packages: setuptools, pip, packaging, wheel
  Attempting uninstall: setuptools
    Found existing installation: setuptools 65.5.1
    Uninstalling setuptools-65.5.1:
      Successfully uninstalled setuptools-65.5.1
  Attempting uninstall: pip
    Found existing installation: pip 22.3.1
    Uninstalling pip-22.3.1:
      Successfully uninstalled pip-22.3.1
Successfully installed packaging-26.2 pip-26.2 setuptools-83.0.0 wheel-0.47.0
pip_upgrade_exit_code=0

====================================================
3. INSTALAÇÃO DO DLT E DEPENDÊNCIAS
====================================================
Collecting psycopg2-binary
  Downloading psycopg2_binary-2.9.12-cp311-cp311-manylinux2014_x86_64.manylinux_2_17_x86_64.whl.metadata (4.9 kB)
Collecting dlt[filesystem,parquet,sql_database]
  Downloading dlt-1.29.1-py3-none-any.whl.metadata (15 kB)
Collecting click>=7.1 (from dlt[filesystem,parquet,sql_database])
  Downloading click-8.4.2-py3-none-any.whl.metadata (2.6 kB)
Collecting fsspec>=2022.4.0 (from dlt[filesystem,parquet,sql_database])
  Downloading fsspec-2026.7.0-py3-none-any.whl.metadata (10 kB)
Collecting gitpython>=3.1.42 (from dlt[filesystem,parquet,sql_database])
  Downloading gitpython-3.1.57-py3-none-any.whl.metadata (13 kB)
Collecting giturlparse>=0.10.0 (from dlt[filesystem,parquet,sql_database])
  Downloading giturlparse-0.15.0-py2.py3-none-any.whl.metadata (5.2 kB)
Collecting humanize>=4.4.0 (from dlt[filesystem,parquet,sql_database])
  Downloading humanize-4.16.0-py3-none-any.whl.metadata (8.0 kB)
Collecting jsonpath-ng>=1.8.0 (from dlt[filesystem,parquet,sql_database])
  Downloading jsonpath_ng-1.8.0-py3-none-any.whl.metadata (18 kB)
Collecting orjson!=3.10.1,!=3.9.11,!=3.9.12,!=3.9.13,!=3.9.14,<4,>=3.6.7 (from dlt[filesystem,parquet,sql_database])
  Downloading orjson-3.11.9-cp311-cp311-manylinux_2_17_x86_64.manylinux2014_x86_64.whl.metadata (41 kB)
Requirement already satisfied: packaging>=21.1 in ./dlt-venv/lib64/python3.11/site-packages (from dlt[filesystem,parquet,sql_database]) (26.2)
Collecting pathvalidate>=2.5.2 (from dlt[filesystem,parquet,sql_database])
  Downloading pathvalidate-3.3.1-py3-none-any.whl.metadata (12 kB)
Collecting pendulum>=2.1.2 (from dlt[filesystem,parquet,sql_database])
  Downloading pendulum-3.2.0-cp311-cp311-manylinux_2_17_x86_64.manylinux2014_x86_64.whl.metadata (6.8 kB)
Collecting pluggy>=1.3.0 (from dlt[filesystem,parquet,sql_database])
  Downloading pluggy-1.6.0-py3-none-any.whl.metadata (4.8 kB)
Collecting pytz>=2022.6 (from dlt[filesystem,parquet,sql_database])
  Using cached pytz-2026.3.post1-py2.py3-none-any.whl.metadata (22 kB)
Collecting pyyaml>=5.4.1 (from dlt[filesystem,parquet,sql_database])
  Using cached pyyaml-6.0.3-cp311-cp311-manylinux2014_x86_64.manylinux_2_17_x86_64.manylinux_2_28_x86_64.whl.metadata (2.4 kB)
Collecting requests>=2.26.0 (from dlt[filesystem,parquet,sql_database])
  Using cached requests-2.34.2-py3-none-any.whl.metadata (4.8 kB)
Collecting requirements-parser>=0.5.0 (from dlt[filesystem,parquet,sql_database])
  Downloading requirements_parser-0.13.1-py3-none-any.whl.metadata (4.8 kB)
Collecting rich-argparse>=1.6.0 (from dlt[filesystem,parquet,sql_database])
  Downloading rich_argparse-1.8.0-py3-none-any.whl.metadata (15 kB)
Collecting semver>=3.0.0 (from dlt[filesystem,parquet,sql_database])
  Downloading semver-3.0.4-py3-none-any.whl.metadata (6.8 kB)
Requirement already satisfied: setuptools>=65.6.0 in ./dlt-venv/lib64/python3.11/site-packages (from dlt[filesystem,parquet,sql_database]) (83.0.0)
Collecting simplejson>=3.17.5 (from dlt[filesystem,parquet,sql_database])
  Downloading simplejson-4.1.1-cp311-cp311-manylinux1_x86_64.manylinux_2_28_x86_64.manylinux_2_5_x86_64.whl.metadata (3.8 kB)
Collecting sqlglot>=26.32.0 (from dlt[filesystem,parquet,sql_database])
  Downloading sqlglot-30.14.0-py3-none-any.whl.metadata (25 kB)
Collecting tenacity>=8.0.2 (from dlt[filesystem,parquet,sql_database])
  Downloading tenacity-9.1.4-py3-none-any.whl.metadata (1.2 kB)
Collecting tomlkit>=0.11.3 (from dlt[filesystem,parquet,sql_database])
  Downloading tomlkit-0.15.1-py3-none-any.whl.metadata (3.3 kB)
Collecting typing-extensions>=4.8.0 (from dlt[filesystem,parquet,sql_database])
  Using cached typing_extensions-4.16.0-py3-none-any.whl.metadata (3.3 kB)
Collecting tzdata>=2022.1 (from dlt[filesystem,parquet,sql_database])
  Downloading tzdata-2026.3-py2.py3-none-any.whl.metadata (1.4 kB)
Collecting botocore>=1.28 (from dlt[filesystem,parquet,sql_database])
  Downloading botocore-1.43.59-py3-none-any.whl.metadata (5.6 kB)
Collecting s3fs>=2022.4.0 (from dlt[filesystem,parquet,sql_database])
  Downloading s3fs-2026.7.0-py3-none-any.whl.metadata (1.2 kB)
Collecting pyarrow>=16.0.0 (from dlt[filesystem,parquet,sql_database])
  Downloading pyarrow-25.0.0-cp311-cp311-manylinux_2_28_x86_64.whl.metadata (3.0 kB)
Collecting sqlalchemy>=1.4 (from dlt[filesystem,parquet,sql_database])
  Using cached sqlalchemy-2.0.51-cp311-cp311-manylinux2014_x86_64.manylinux_2_17_x86_64.manylinux_2_28_x86_64.whl.metadata (9.5 kB)
Collecting jmespath<2.0.0,>=0.7.1 (from botocore>=1.28->dlt[filesystem,parquet,sql_database])
  Downloading jmespath-1.1.0-py3-none-any.whl.metadata (7.6 kB)
Collecting python-dateutil<3.0.0,>=2.1 (from botocore>=1.28->dlt[filesystem,parquet,sql_database])
  Using cached python_dateutil-2.9.0.post0-py2.py3-none-any.whl.metadata (8.4 kB)
Collecting urllib3!=2.2.0,<3,>=1.25.4 (from botocore>=1.28->dlt[filesystem,parquet,sql_database])
  Using cached urllib3-2.7.0-py3-none-any.whl.metadata (6.9 kB)
Collecting six>=1.5 (from python-dateutil<3.0.0,>=2.1->botocore>=1.28->dlt[filesystem,parquet,sql_database])
  Using cached six-1.17.0-py2.py3-none-any.whl.metadata (1.7 kB)
Collecting gitdb<5,>=4.0.1 (from gitpython>=3.1.42->dlt[filesystem,parquet,sql_database])
  Downloading gitdb-4.0.12-py3-none-any.whl.metadata (1.2 kB)
Collecting smmap<6,>=3.0.1 (from gitdb<5,>=4.0.1->gitpython>=3.1.42->dlt[filesystem,parquet,sql_database])
  Downloading smmap-5.0.3-py3-none-any.whl.metadata (4.6 kB)
Collecting charset_normalizer<4,>=2 (from requests>=2.26.0->dlt[filesystem,parquet,sql_database])
  Using cached charset_normalizer-3.4.9-cp311-cp311-manylinux2014_x86_64.manylinux_2_17_x86_64.manylinux_2_28_x86_64.whl.metadata (41 kB)
Collecting idna<4,>=2.5 (from requests>=2.26.0->dlt[filesystem,parquet,sql_database])
  Using cached idna-3.18-py3-none-any.whl.metadata (6.1 kB)
Collecting certifi>=2023.5.7 (from requests>=2.26.0->dlt[filesystem,parquet,sql_database])
  Using cached certifi-2026.7.22-py3-none-any.whl.metadata (2.5 kB)
Collecting rich>=11.0.0 (from rich-argparse>=1.6.0->dlt[filesystem,parquet,sql_database])
  Downloading rich-15.0.0-py3-none-any.whl.metadata (18 kB)
Collecting markdown-it-py>=2.2.0 (from rich>=11.0.0->rich-argparse>=1.6.0->dlt[filesystem,parquet,sql_database])
  Using cached markdown_it_py-4.2.0-py3-none-any.whl.metadata (7.4 kB)
Collecting pygments<3.0.0,>=2.13.0 (from rich>=11.0.0->rich-argparse>=1.6.0->dlt[filesystem,parquet,sql_database])
  Using cached pygments-2.20.0-py3-none-any.whl.metadata (2.5 kB)
Collecting mdurl~=0.1 (from markdown-it-py>=2.2.0->rich>=11.0.0->rich-argparse>=1.6.0->dlt[filesystem,parquet,sql_database])
  Using cached mdurl-0.1.2-py3-none-any.whl.metadata (1.6 kB)
Collecting aiobotocore<4.0.0,>=2.19.0 (from s3fs>=2022.4.0->dlt[filesystem,parquet,sql_database])
  Downloading aiobotocore-3.8.0-py3-none-any.whl.metadata (29 kB)
Collecting aiohttp!=4.0.0a0,!=4.0.0a1,>=3.9.0 (from s3fs>=2022.4.0->dlt[filesystem,parquet,sql_database])
  Downloading aiohttp-3.14.3-cp311-cp311-manylinux2014_x86_64.manylinux_2_17_x86_64.manylinux_2_28_x86_64.whl.metadata (8.3 kB)
Collecting aioitertools<1.0.0,>=0.5.1 (from aiobotocore<4.0.0,>=2.19.0->s3fs>=2022.4.0->dlt[filesystem,parquet,sql_database])
  Downloading aioitertools-0.13.0-py3-none-any.whl.metadata (3.3 kB)
Collecting botocore>=1.28 (from dlt[filesystem,parquet,sql_database])
  Downloading botocore-1.43.46-py3-none-any.whl.metadata (5.6 kB)
Collecting multidict<7.0.0,>=6.0.0 (from aiobotocore<4.0.0,>=2.19.0->s3fs>=2022.4.0->dlt[filesystem,parquet,sql_database])
  Downloading multidict-6.7.1-cp311-cp311-manylinux2014_x86_64.manylinux_2_17_x86_64.manylinux_2_28_x86_64.whl.metadata (5.3 kB)
Collecting wrapt<3.0.0,>=1.10.10 (from aiobotocore<4.0.0,>=2.19.0->s3fs>=2022.4.0->dlt[filesystem,parquet,sql_database])
  Using cached wrapt-2.3.0-cp311-cp311-manylinux1_x86_64.manylinux_2_28_x86_64.manylinux_2_5_x86_64.whl.metadata (7.4 kB)
Collecting aiohappyeyeballs>=2.5.0 (from aiohttp!=4.0.0a0,!=4.0.0a1,>=3.9.0->s3fs>=2022.4.0->dlt[filesystem,parquet,sql_database])
  Downloading aiohappyeyeballs-2.7.1-py3-none-any.whl.metadata (5.9 kB)
Collecting aiosignal>=1.4.0 (from aiohttp!=4.0.0a0,!=4.0.0a1,>=3.9.0->s3fs>=2022.4.0->dlt[filesystem,parquet,sql_database])
  Downloading aiosignal-1.4.0-py3-none-any.whl.metadata (3.7 kB)
Collecting attrs>=17.3.0 (from aiohttp!=4.0.0a0,!=4.0.0a1,>=3.9.0->s3fs>=2022.4.0->dlt[filesystem,parquet,sql_database])
  Using cached attrs-26.1.0-py3-none-any.whl.metadata (8.8 kB)
Collecting frozenlist>=1.1.1 (from aiohttp!=4.0.0a0,!=4.0.0a1,>=3.9.0->s3fs>=2022.4.0->dlt[filesystem,parquet,sql_database])
  Downloading frozenlist-1.8.0-cp311-cp311-manylinux1_x86_64.manylinux_2_28_x86_64.manylinux_2_5_x86_64.whl.metadata (20 kB)
Collecting propcache>=0.2.0 (from aiohttp!=4.0.0a0,!=4.0.0a1,>=3.9.0->s3fs>=2022.4.0->dlt[filesystem,parquet,sql_database])
  Downloading propcache-0.5.2-cp311-cp311-manylinux2014_x86_64.manylinux_2_17_x86_64.manylinux_2_28_x86_64.whl.metadata (16 kB)
Collecting yarl<2.0,>=1.17.0 (from aiohttp!=4.0.0a0,!=4.0.0a1,>=3.9.0->s3fs>=2022.4.0->dlt[filesystem,parquet,sql_database])
  Downloading yarl-1.24.5-cp311-cp311-manylinux2014_x86_64.manylinux_2_17_x86_64.manylinux_2_28_x86_64.whl.metadata (103 kB)
Collecting greenlet>=1 (from sqlalchemy>=1.4->dlt[filesystem,parquet,sql_database])
  Using cached greenlet-3.5.4-cp311-cp311-manylinux_2_24_x86_64.manylinux_2_28_x86_64.whl.metadata (3.8 kB)
Downloading dlt-1.29.1-py3-none-any.whl (1.4 MB)
   ━━━━━━━━━━━━━━━━━━━━━━━━━━━━━━━━━━━━━━━━ 1.4/1.4 MB 96.6 MB/s  0:00:00
Downloading orjson-3.11.9-cp311-cp311-manylinux_2_17_x86_64.manylinux2014_x86_64.whl (133 kB)
Downloading psycopg2_binary-2.9.12-cp311-cp311-manylinux2014_x86_64.manylinux_2_17_x86_64.whl (4.3 MB)
   ━━━━━━━━━━━━━━━━━━━━━━━━━━━━━━━━━━━━━━━━ 4.3/4.3 MB 169.6 MB/s  0:00:00
Downloading jmespath-1.1.0-py3-none-any.whl (20 kB)
Using cached python_dateutil-2.9.0.post0-py2.py3-none-any.whl (229 kB)
Using cached urllib3-2.7.0-py3-none-any.whl (131 kB)
Downloading click-8.4.2-py3-none-any.whl (119 kB)
Downloading fsspec-2026.7.0-py3-none-any.whl (206 kB)
Downloading gitpython-3.1.57-py3-none-any.whl (217 kB)
Downloading gitdb-4.0.12-py3-none-any.whl (62 kB)
Downloading smmap-5.0.3-py3-none-any.whl (24 kB)
Downloading giturlparse-0.15.0-py2.py3-none-any.whl (16 kB)
Downloading humanize-4.16.0-py3-none-any.whl (137 kB)
Downloading jsonpath_ng-1.8.0-py3-none-any.whl (67 kB)
Downloading pathvalidate-3.3.1-py3-none-any.whl (24 kB)
Downloading pendulum-3.2.0-cp311-cp311-manylinux_2_17_x86_64.manylinux2014_x86_64.whl (348 kB)
Downloading pluggy-1.6.0-py3-none-any.whl (20 kB)
Downloading pyarrow-25.0.0-cp311-cp311-manylinux_2_28_x86_64.whl (50.1 MB)
   ━━━━━━━━━━━━━━━━━━━━━━━━━━━━━━━━━━━━━━━━ 50.1/50.1 MB 257.2 MB/s  0:00:00
Using cached pytz-2026.3.post1-py2.py3-none-any.whl (508 kB)
Using cached pyyaml-6.0.3-cp311-cp311-manylinux2014_x86_64.manylinux_2_17_x86_64.manylinux_2_28_x86_64.whl (806 kB)
Using cached requests-2.34.2-py3-none-any.whl (73 kB)
Using cached charset_normalizer-3.4.9-cp311-cp311-manylinux2014_x86_64.manylinux_2_17_x86_64.manylinux_2_28_x86_64.whl (221 kB)
Using cached idna-3.18-py3-none-any.whl (65 kB)
Using cached certifi-2026.7.22-py3-none-any.whl (136 kB)
Downloading requirements_parser-0.13.1-py3-none-any.whl (14 kB)
Downloading rich_argparse-1.8.0-py3-none-any.whl (25 kB)
Downloading rich-15.0.0-py3-none-any.whl (310 kB)
Using cached pygments-2.20.0-py3-none-any.whl (1.2 MB)
Using cached markdown_it_py-4.2.0-py3-none-any.whl (91 kB)
Using cached mdurl-0.1.2-py3-none-any.whl (10.0 kB)
Downloading s3fs-2026.7.0-py3-none-any.whl (32 kB)
Downloading aiobotocore-3.8.0-py3-none-any.whl (91 kB)
Downloading aiohttp-3.14.3-cp311-cp311-manylinux2014_x86_64.manylinux_2_17_x86_64.manylinux_2_28_x86_64.whl (1.8 MB)
   ━━━━━━━━━━━━━━━━━━━━━━━━━━━━━━━━━━━━━━━━ 1.8/1.8 MB 153.9 MB/s  0:00:00
Downloading aioitertools-0.13.0-py3-none-any.whl (24 kB)
Downloading botocore-1.43.46-py3-none-any.whl (15.4 MB)
   ━━━━━━━━━━━━━━━━━━━━━━━━━━━━━━━━━━━━━━━━ 15.4/15.4 MB 232.2 MB/s  0:00:00
Downloading multidict-6.7.1-cp311-cp311-manylinux2014_x86_64.manylinux_2_17_x86_64.manylinux_2_28_x86_64.whl (246 kB)
Using cached wrapt-2.3.0-cp311-cp311-manylinux1_x86_64.manylinux_2_28_x86_64.manylinux_2_5_x86_64.whl (161 kB)
Downloading yarl-1.24.5-cp311-cp311-manylinux2014_x86_64.manylinux_2_17_x86_64.manylinux_2_28_x86_64.whl (111 kB)
Downloading aiohappyeyeballs-2.7.1-py3-none-any.whl (15 kB)
Downloading aiosignal-1.4.0-py3-none-any.whl (7.5 kB)
Using cached attrs-26.1.0-py3-none-any.whl (67 kB)
Downloading frozenlist-1.8.0-cp311-cp311-manylinux1_x86_64.manylinux_2_28_x86_64.manylinux_2_5_x86_64.whl (231 kB)
Downloading propcache-0.5.2-cp311-cp311-manylinux2014_x86_64.manylinux_2_17_x86_64.manylinux_2_28_x86_64.whl (58 kB)
Downloading semver-3.0.4-py3-none-any.whl (17 kB)
Downloading simplejson-4.1.1-cp311-cp311-manylinux1_x86_64.manylinux_2_28_x86_64.manylinux_2_5_x86_64.whl (180 kB)
Using cached six-1.17.0-py2.py3-none-any.whl (11 kB)
Using cached sqlalchemy-2.0.51-cp311-cp311-manylinux2014_x86_64.manylinux_2_17_x86_64.manylinux_2_28_x86_64.whl (3.3 MB)
Using cached greenlet-3.5.4-cp311-cp311-manylinux_2_24_x86_64.manylinux_2_28_x86_64.whl (624 kB)
Downloading sqlglot-30.14.0-py3-none-any.whl (719 kB)
   ━━━━━━━━━━━━━━━━━━━━━━━━━━━━━━━━━━━━━━━━ 719.0/719.0 kB 76.0 MB/s  0:00:00
Downloading tenacity-9.1.4-py3-none-any.whl (28 kB)
Downloading tomlkit-0.15.1-py3-none-any.whl (49 kB)
Using cached typing_extensions-4.16.0-py3-none-any.whl (45 kB)
Downloading tzdata-2026.3-py2.py3-none-any.whl (348 kB)
Installing collected packages: pytz, jsonpath-ng, wrapt, urllib3, tzdata, typing-extensions, tomlkit, tenacity, sqlglot, smmap, six, simplejson, semver, requirements-parser, pyyaml, pygments, pyarrow, psycopg2-binary, propcache, pluggy, pathvalidate, orjson, multidict, mdurl, jmespath, idna, humanize, greenlet, giturlparse, fsspec, frozenlist, click, charset_normalizer, certifi, attrs, aioitertools, aiohappyeyeballs, yarl, sqlalchemy, requests, python-dateutil, markdown-it-py, gitdb, aiosignal, rich, pendulum, gitpython, botocore, aiohttp, rich-argparse, aiobotocore, s3fs, dlt

Successfully installed aiobotocore-3.8.0 aiohappyeyeballs-2.7.1 aiohttp-3.14.3 aioitertools-0.13.0 aiosignal-1.4.0 attrs-26.1.0 botocore-1.43.46 certifi-2026.7.22 charset_normalizer-3.4.9 click-8.4.2 dlt-1.29.1 frozenlist-1.8.0 fsspec-2026.7.0 gitdb-4.0.12 gitpython-3.1.57 giturlparse-0.15.0 greenlet-3.5.4 humanize-4.16.0 idna-3.18 jmespath-1.1.0 jsonpath-ng-1.8.0 markdown-it-py-4.2.0 mdurl-0.1.2 multidict-6.7.1 orjson-3.11.9 pathvalidate-3.3.1 pendulum-3.2.0 pluggy-1.6.0 propcache-0.5.2 psycopg2-binary-2.9.12 pyarrow-25.0.0 pygments-2.20.0 python-dateutil-2.9.0.post0 pytz-2026.3.post1 pyyaml-6.0.3 requests-2.34.2 requirements-parser-0.13.1 rich-15.0.0 rich-argparse-1.8.0 s3fs-2026.7.0 semver-3.0.4 simplejson-4.1.1 six-1.17.0 smmap-5.0.3 sqlalchemy-2.0.51 sqlglot-30.14.0 tenacity-9.1.4 tomlkit-0.15.1 typing-extensions-4.16.0 tzdata-2026.3 urllib3-2.7.0 wrapt-2.3.0 yarl-1.24.5

dlt_install_exit_code=0

====================================================
4. VERIFICAÇÃO DA LINHA DE COMANDO
====================================================
dlt 1.29.1
dlt_cli_exit_code=0

====================================================
5. TESTE DE IMPORTAÇÕES
====================================================
PythonExecutavel=/home/ec2-user/dlt-venv/bin/python
dlt=OK
sql_table=OK
rest_api_source=OK
pyarrow=OK
s3fs=OK
sqlalchemy=OK
psycopg2=OK
pandas=ERRO: ModuleNotFoundError: No module named 'pandas'
numpy=ERRO: ModuleNotFoundError: No module named 'numpy'
ResultadoImportacoes=REVISAR
import_test_exit_code=2

====================================================
6. REGISTRO DAS VERSÕES
====================================================
VERSÕES DO AMBIENTE DLT
============================================================
Python=3.11.15
PythonExecutavel=/home/ec2-user/dlt-venv/bin/python
dlt=1.29.1
pyarrow=25.0.0
s3fs=2026.7.0
botocore=1.43.46
sqlalchemy=2.0.51
psycopg2-binary=2.9.12
pandas=NAO_INSTALADO
numpy=NAO_INSTALADO

versions_exit_code=0

====================================================
7. ESPAÇO UTILIZADO
====================================================
VenvSize=319M
DiskAvailable=4.7G

====================================================
RESUMO DA INSTALAÇÃO DO DLT
====================================================
INSTALAÇÃO DO DLT — TUTORIAL 3 AWS

Data=2026-07-30T18:38:23+00:00
Projeto=/home/ec2-user/projeto_dlthub
AmbienteVirtual=/home/ec2-user/dlt-venv
Python=Python 3.11.15
DLTVersion=1.29.1

VenvCreateExitCode=0
ActivateExitCode=0
PipUpgradeExitCode=0
DLTInstallExitCode=0
DLTCLIExitCode=0
ImportTestExitCode=2
VersionsExitCode=0

VenvSize=319M
DiskAvailable=4.7G
AmbienteMeltanoReutilizado=NAO
SegredosExibidos=NAO
Resultado=REVISAR
