====================================================
TUTORIAL 2 AWS - INSTALACAO DO PYTHON 3.11
====================================================

Data: 2026-07-30T15:14:46+00:00
Usuario: ec2-user
Host: ip-172-31-35-18.ec2.internal

1. ATUALIZAR METADADOS DO DNF
Amazon Linux 2023 repository                     44 kB/s | 3.6 kB     00:00    
Amazon Linux 2023 Kernel Livepatch repository    39 kB/s | 2.9 kB     00:00    
Metadata cache created.
dnf_makecache_exit_code=0

2. INSTALAR PYTHON 3.11, PIP E GIT
Last metadata expiration check: 0:00:01 ago on Thu Jul 30 15:14:46 2026.
Package git-2.50.1-1.amzn2023.0.1.x86_64 is already installed.
Dependencies resolved.
================================================================================
 Package                     Arch   Version                   Repository   Size
================================================================================
Installing:
 python3.11                  x86_64 3.11.15-1.amzn2023.0.4    amazonlinux  28 k
 python3.11-pip              noarch 22.3.1-2.amzn2023.0.13    amazonlinux 2.8 M
Installing dependencies:
 mpdecimal                   x86_64 2.5.1-3.amzn2023.0.3      amazonlinux 101 k
 python3.11-libs             x86_64 3.11.15-1.amzn2023.0.4    amazonlinux 9.7 M
 python3.11-pip-wheel        noarch 22.3.1-2.amzn2023.0.13    amazonlinux 1.4 M
 python3.11-setuptools-wheel noarch 65.5.1-2.amzn2023.0.7     amazonlinux 717 k
Installing weak dependencies:
 python3.11-setuptools       noarch 65.5.1-2.amzn2023.0.7     amazonlinux 1.5 M

Transaction Summary
================================================================================
Install  7 Packages

Total download size: 16 M
Installed size: 68 M
Downloading Packages:
(1/7): mpdecimal-2.5.1-3.amzn2023.0.3.x86_64.rp 2.2 MB/s | 101 kB     00:00    
(2/7): python3.11-3.11.15-1.amzn2023.0.4.x86_64 443 kB/s |  28 kB     00:00    
(3/7): python3.11-pip-22.3.1-2.amzn2023.0.13.no  41 MB/s | 2.8 MB     00:00    
(4/7): python3.11-libs-3.11.15-1.amzn2023.0.4.x  54 MB/s | 9.7 MB     00:00    
(5/7): python3.11-pip-wheel-22.3.1-2.amzn2023.0  11 MB/s | 1.4 MB     00:00    
(6/7): python3.11-setuptools-65.5.1-2.amzn2023.  16 MB/s | 1.5 MB     00:00    
(7/7): python3.11-setuptools-wheel-65.5.1-2.amz  16 MB/s | 717 kB     00:00    
--------------------------------------------------------------------------------
Total                                            61 MB/s |  16 MB     00:00     
Running transaction check
Transaction check succeeded.
Running transaction test
Transaction test succeeded.
Running transaction
  Preparing        :                                                        1/1 
  Installing       : python3.11-setuptools-wheel-65.5.1-2.amzn2023.0.7.no   1/7 
  Installing       : python3.11-pip-wheel-22.3.1-2.amzn2023.0.13.noarch     2/7 
  Installing       : mpdecimal-2.5.1-3.amzn2023.0.3.x86_64                  3/7 
  Installing       : python3.11-3.11.15-1.amzn2023.0.4.x86_64               4/7 
  Installing       : python3.11-libs-3.11.15-1.amzn2023.0.4.x86_64          5/7 
  Installing       : python3.11-setuptools-65.5.1-2.amzn2023.0.7.noarch     6/7 
  Installing       : python3.11-pip-22.3.1-2.amzn2023.0.13.noarch           7/7 
  Running scriptlet: python3.11-pip-22.3.1-2.amzn2023.0.13.noarch           7/7 
  Verifying        : mpdecimal-2.5.1-3.amzn2023.0.3.x86_64                  1/7 
  Verifying        : python3.11-3.11.15-1.amzn2023.0.4.x86_64               2/7 
  Verifying        : python3.11-libs-3.11.15-1.amzn2023.0.4.x86_64          3/7 
  Verifying        : python3.11-pip-22.3.1-2.amzn2023.0.13.noarch           4/7 
  Verifying        : python3.11-pip-wheel-22.3.1-2.amzn2023.0.13.noarch     5/7 
  Verifying        : python3.11-setuptools-65.5.1-2.amzn2023.0.7.noarch     6/7 
  Verifying        : python3.11-setuptools-wheel-65.5.1-2.amzn2023.0.7.no   7/7 

Installed:
  mpdecimal-2.5.1-3.amzn2023.0.3.x86_64                                         
  python3.11-3.11.15-1.amzn2023.0.4.x86_64                                      
  python3.11-libs-3.11.15-1.amzn2023.0.4.x86_64                                 
  python3.11-pip-22.3.1-2.amzn2023.0.13.noarch                                  
  python3.11-pip-wheel-22.3.1-2.amzn2023.0.13.noarch                            
  python3.11-setuptools-65.5.1-2.amzn2023.0.7.noarch                            
  python3.11-setuptools-wheel-65.5.1-2.amzn2023.0.7.noarch                      

Complete!

install_exit_code=0

3. VERIFICAR PYTHON 3.11
Executavel: /usr/bin/python3.11
Versao: Python 3.11.15

4. VERIFICAR PIP
pip 22.3.1 from /usr/lib/python3.11/site-packages/pip (python 3.11)

5. VERIFICAR VENV
Ambiente virtual criado com sucesso.
Python 3.11.15
pip 22.3.1 from /home/ec2-user/teste-venv-python311/lib64/python3.11/site-packages/pip (python 3.11)

6. VERIFICAR GIT
git version 2.50.1

7. CONFIRMAR QUE O PYTHON DO SISTEMA NAO FOI ALTERADO
Python 3.9.25
Python do sistema: /usr/bin/python3

====================================================
RESUMO DA ETAPA 2
====================================================
DNFCacheExitCode=0
InstallExitCode=0
Python311=SIM
Pip311=SIM
Venv311=SIM
Git=SIM
Resultado=APROVADO
