====================================================
TUTORIAL 2 AWS - INSTALACAO DO MELTANO
====================================================

Data: 2026-07-30T15:19:00+00:00
Usuario: ec2-user
Host: ip-172-31-35-18.ec2.internal
Ambiente virtual: /home/ec2-user/meltano-venv

1. VERIFICAR PYTHON 3.11
Python 3.11.15
python_exit_code=0

2. PREPARAR AMBIENTE VIRTUAL
venv_create_exit_code=0

3. ATIVAR AMBIENTE VIRTUAL
activate_exit_code=0
VIRTUAL_ENV=/home/ec2-user/meltano-venv
Python ativo: /home/ec2-user/meltano-venv/bin/python
Pip ativo: /home/ec2-user/meltano-venv/bin/pip

4. ATUALIZAR FERRAMENTAS DO PIP
Requirement already satisfied: pip in ./meltano-venv/lib64/python3.11/site-packages (22.3.1)
Collecting pip
  Downloading pip-26.2-py3-none-any.whl (1.8 MB)
     ━━━━━━━━━━━━━━━━━━━━━━━━━━━━━━━━━━━━━━━━ 1.8/1.8 MB 61.0 MB/s eta 0:00:00
Requirement already satisfied: setuptools in ./meltano-venv/lib64/python3.11/site-packages (65.5.1)
Collecting setuptools
  Downloading setuptools-83.0.0-py3-none-any.whl (1.0 MB)
     ━━━━━━━━━━━━━━━━━━━━━━━━━━━━━━━━━━━━━━━━ 1.0/1.0 MB 98.3 MB/s eta 0:00:00
Collecting wheel
  Downloading wheel-0.47.0-py3-none-any.whl (32 kB)
Collecting packaging>=24.0
  Downloading packaging-26.2-py3-none-any.whl (100 kB)
     ━━━━━━━━━━━━━━━━━━━━━━━━━━━━━━━━━━━━━━━━ 100.2/100.2 kB 22.1 MB/s eta 0:00:00
Installing collected packages: setuptools, pip, packaging, wheel
  Attempting uninstall: setuptools
    Found existing installation: setuptools 65.5.1
    Uninstalling setuptools-65.5.1:
      Successfully uninstalled setuptools-65.5.1
  Attempting uninstall: pip
    Found existing installation: pip 22.3.1
    Uninstalling pip-22.3.1:
      Successfully uninstalled pip-22.3.1
Successfully installed packaging-26.2 pip-26.2 setuptools-83.0.0 wheel-0.47.0

pip_upgrade_exit_code=0

5. INSTALAR MELTANO 4.2.1
Collecting meltano==4.2.1
  Downloading meltano-4.2.1-py3-none-any.whl.metadata (9.7 kB)
Collecting alembic<2,>=1.14.0 (from meltano==4.2.1)
  Downloading alembic-1.18.5-py3-none-any.whl.metadata (7.2 kB)
Collecting anyio<5,>=4.4.0 (from meltano==4.2.1)
  Downloading anyio-4.14.2-py3-none-any.whl.metadata (4.6 kB)
Collecting click!=8.2.2,<8.4,>=8.2 (from meltano==4.2.1)
  Downloading click-8.3.3-py3-none-any.whl.metadata (2.6 kB)
Collecting click-default-group<2,>=1.2.4 (from meltano==4.2.1)
  Downloading click_default_group-1.2.4-py2.py3-none-any.whl.metadata (2.8 kB)
Collecting dateparser>=1.2.1 (from meltano==4.2.1)
  Downloading dateparser-1.4.1-py3-none-any.whl.metadata (22 kB)
Collecting fasteners<0.21,>=0.19 (from meltano==4.2.1)
  Downloading fasteners-0.20-py3-none-any.whl.metadata (4.8 kB)
Collecting importlib-metadata>=5 (from meltano==4.2.1)
  Downloading importlib_metadata-9.0.0-py3-none-any.whl.metadata (4.5 kB)
Collecting jinja2<4,>=3.1.4 (from meltano==4.2.1)
  Downloading jinja2-3.1.6-py3-none-any.whl.metadata (2.9 kB)
Collecting jsonschema<5,>=4.23 (from meltano==4.2.1)
  Downloading jsonschema-4.26.0-py3-none-any.whl.metadata (7.6 kB)
Requirement already satisfied: packaging<27.0,>=24.2 in ./meltano-venv/lib64/python3.11/site-packages (from meltano==4.2.1) (26.2)
Requirement already satisfied: pip<27.0,>=25.1 in ./meltano-venv/lib64/python3.11/site-packages (from meltano==4.2.1) (26.2)
Collecting platformdirs>=4.3.8 (from meltano==4.2.1)
  Downloading platformdirs-4.11.0-py3-none-any.whl.metadata (5.5 kB)
Collecting psutil<8,>=7.0.0 (from meltano==4.2.1)
  Downloading psutil-7.2.2-cp36-abi3-manylinux2010_x86_64.manylinux_2_12_x86_64.manylinux_2_28_x86_64.whl.metadata (22 kB)
Collecting python-dotenv<2,>=1.0.1 (from meltano==4.2.1)
  Downloading python_dotenv-1.2.2-py3-none-any.whl.metadata (27 kB)
Collecting pyyaml<7,>=6.0.2 (from meltano==4.2.1)
  Downloading pyyaml-6.0.3-cp311-cp311-manylinux2014_x86_64.manylinux_2_17_x86_64.manylinux_2_28_x86_64.whl.metadata (2.4 kB)
Collecting requests<3,>=2.32.3 (from meltano==4.2.1)
  Downloading requests-2.34.2-py3-none-any.whl.metadata (4.8 kB)
Collecting rich<14.4,>=14.0 (from meltano==4.2.1)
  Downloading rich-14.3.4-py3-none-any.whl.metadata (18 kB)
Collecting ruamel-yaml<0.20,>=0.18.6 (from meltano==4.2.1)
  Downloading ruamel_yaml-0.19.1-py3-none-any.whl.metadata (16 kB)
Collecting smart-open<8,>=7.0.5 (from meltano==4.2.1)
  Downloading smart_open-7.7.1-py3-none-any.whl.metadata (25 kB)
Collecting snowplow-tracker<2,>=1.0.4 (from meltano==4.2.1)
  Downloading snowplow_tracker-1.1.0-py3-none-any.whl.metadata (5.7 kB)
Collecting sqlalchemy<2.1,>=2.0.35 (from meltano==4.2.1)
  Downloading sqlalchemy-2.0.51-cp311-cp311-manylinux2014_x86_64.manylinux_2_17_x86_64.manylinux_2_28_x86_64.whl.metadata (9.5 kB)
Collecting structlog<26,>=25.5.0 (from meltano==4.2.1)
  Downloading structlog-25.5.0-py3-none-any.whl.metadata (9.5 kB)
Collecting typing-extensions<5,>=4.12.2 (from meltano==4.2.1)
  Downloading typing_extensions-4.16.0-py3-none-any.whl.metadata (3.3 kB)
Collecting tzlocal~=5.3 (from meltano==4.2.1)
  Downloading tzlocal-5.4.4-py3-none-any.whl.metadata (7.7 kB)
Collecting urllib3>=1.26.20 (from meltano==4.2.1)
  Downloading urllib3-2.7.0-py3-none-any.whl.metadata (6.9 kB)
Collecting uv>=0.8.14 (from meltano==4.2.1)
  Downloading uv-0.12.0-py3-none-manylinux_2_17_x86_64.manylinux2014_x86_64.whl.metadata (11 kB)
Collecting virtualenv<22,>=20.26.6 (from meltano==4.2.1)
  Downloading virtualenv-21.7.0-py3-none-any.whl.metadata (3.5 kB)
Collecting Mako (from alembic<2,>=1.14.0->meltano==4.2.1)
  Downloading mako-1.3.12-py3-none-any.whl.metadata (2.9 kB)
Collecting idna>=2.8 (from anyio<5,>=4.4.0->meltano==4.2.1)
  Downloading idna-3.18-py3-none-any.whl.metadata (6.1 kB)
Collecting MarkupSafe>=2.0 (from jinja2<4,>=3.1.4->meltano==4.2.1)
  Downloading markupsafe-3.0.3-cp311-cp311-manylinux2014_x86_64.manylinux_2_17_x86_64.manylinux_2_28_x86_64.whl.metadata (2.7 kB)
Collecting attrs>=22.2.0 (from jsonschema<5,>=4.23->meltano==4.2.1)
  Downloading attrs-26.1.0-py3-none-any.whl.metadata (8.8 kB)
Collecting jsonschema-specifications>=2023.03.6 (from jsonschema<5,>=4.23->meltano==4.2.1)
  Downloading jsonschema_specifications-2025.9.1-py3-none-any.whl.metadata (2.9 kB)
Collecting referencing>=0.28.4 (from jsonschema<5,>=4.23->meltano==4.2.1)
  Downloading referencing-0.37.0-py3-none-any.whl.metadata (2.8 kB)
Collecting rpds-py>=0.25.0 (from jsonschema<5,>=4.23->meltano==4.2.1)
  Downloading rpds_py-2026.6.3-cp311-cp311-manylinux_2_17_x86_64.manylinux2014_x86_64.whl.metadata (4.1 kB)
Collecting charset_normalizer<4,>=2 (from requests<3,>=2.32.3->meltano==4.2.1)
  Downloading charset_normalizer-3.4.9-cp311-cp311-manylinux2014_x86_64.manylinux_2_17_x86_64.manylinux_2_28_x86_64.whl.metadata (41 kB)
Collecting certifi>=2023.5.7 (from requests<3,>=2.32.3->meltano==4.2.1)
  Downloading certifi-2026.7.22-py3-none-any.whl.metadata (2.5 kB)
Collecting markdown-it-py>=2.2.0 (from rich<14.4,>=14.0->meltano==4.2.1)
  Downloading markdown_it_py-4.2.0-py3-none-any.whl.metadata (7.4 kB)
Collecting pygments<3.0.0,>=2.13.0 (from rich<14.4,>=14.0->meltano==4.2.1)
  Downloading pygments-2.20.0-py3-none-any.whl.metadata (2.5 kB)
Collecting wrapt (from smart-open<8,>=7.0.5->meltano==4.2.1)
  Downloading wrapt-2.3.0-cp311-cp311-manylinux1_x86_64.manylinux_2_28_x86_64.manylinux_2_5_x86_64.whl.metadata (7.4 kB)
Collecting greenlet>=1 (from sqlalchemy<2.1,>=2.0.35->meltano==4.2.1)
  Downloading greenlet-3.5.4-cp311-cp311-manylinux_2_24_x86_64.manylinux_2_28_x86_64.whl.metadata (3.8 kB)
Collecting distlib<1,>=0.3.7 (from virtualenv<22,>=20.26.6->meltano==4.2.1)
  Downloading distlib-0.4.3-py2.py3-none-any.whl.metadata (5.3 kB)
Collecting filelock<4,>=3.24.2 (from virtualenv<22,>=20.26.6->meltano==4.2.1)
  Downloading filelock-3.32.2-py3-none-any.whl.metadata (2.0 kB)
Collecting python-discovery>=1.4.2 (from virtualenv<22,>=20.26.6->meltano==4.2.1)
  Downloading python_discovery-1.5.0-py3-none-any.whl.metadata (5.0 kB)
Collecting python-dateutil>=2.7.0 (from dateparser>=1.2.1->meltano==4.2.1)
  Downloading python_dateutil-2.9.0.post0-py2.py3-none-any.whl.metadata (8.4 kB)
Collecting pytz>=2024.2 (from dateparser>=1.2.1->meltano==4.2.1)
  Downloading pytz-2026.3.post1-py2.py3-none-any.whl.metadata (22 kB)
Collecting regex>=2024.9.11 (from dateparser>=1.2.1->meltano==4.2.1)
  Downloading regex-2026.7.19-cp311-cp311-manylinux2014_x86_64.manylinux_2_17_x86_64.manylinux_2_28_x86_64.whl.metadata (40 kB)
Collecting zipp>=3.20 (from importlib-metadata>=5->meltano==4.2.1)
  Downloading zipp-4.1.0-py3-none-any.whl.metadata (3.6 kB)
Collecting mdurl~=0.1 (from markdown-it-py>=2.2.0->rich<14.4,>=14.0->meltano==4.2.1)
  Downloading mdurl-0.1.2-py3-none-any.whl.metadata (1.6 kB)
Collecting six>=1.5 (from python-dateutil>=2.7.0->dateparser>=1.2.1->meltano==4.2.1)
  Downloading six-1.17.0-py2.py3-none-any.whl.metadata (1.7 kB)
Downloading meltano-4.2.1-py3-none-any.whl (402 kB)
Downloading alembic-1.18.5-py3-none-any.whl (264 kB)
Downloading anyio-4.14.2-py3-none-any.whl (125 kB)
Downloading click-8.3.3-py3-none-any.whl (110 kB)
Downloading click_default_group-1.2.4-py2.py3-none-any.whl (4.1 kB)
Downloading fasteners-0.20-py3-none-any.whl (18 kB)
Downloading jinja2-3.1.6-py3-none-any.whl (134 kB)
Downloading jsonschema-4.26.0-py3-none-any.whl (90 kB)
Downloading psutil-7.2.2-cp36-abi3-manylinux2010_x86_64.manylinux_2_12_x86_64.manylinux_2_28_x86_64.whl (155 kB)
Downloading python_dotenv-1.2.2-py3-none-any.whl (22 kB)
Downloading pyyaml-6.0.3-cp311-cp311-manylinux2014_x86_64.manylinux_2_17_x86_64.manylinux_2_28_x86_64.whl (806 kB)
   ━━━━━━━━━━━━━━━━━━━━━━━━━━━━━━━━━━━━━━━━ 806.6/806.6 kB 45.6 MB/s  0:00:00
Downloading requests-2.34.2-py3-none-any.whl (73 kB)
Downloading charset_normalizer-3.4.9-cp311-cp311-manylinux2014_x86_64.manylinux_2_17_x86_64.manylinux_2_28_x86_64.whl (221 kB)
Downloading idna-3.18-py3-none-any.whl (65 kB)
Downloading rich-14.3.4-py3-none-any.whl (310 kB)
Downloading pygments-2.20.0-py3-none-any.whl (1.2 MB)
   ━━━━━━━━━━━━━━━━━━━━━━━━━━━━━━━━━━━━━━━━ 1.2/1.2 MB 85.5 MB/s  0:00:00
Downloading ruamel_yaml-0.19.1-py3-none-any.whl (118 kB)
Downloading smart_open-7.7.1-py3-none-any.whl (65 kB)
Downloading snowplow_tracker-1.1.0-py3-none-any.whl (44 kB)
Downloading sqlalchemy-2.0.51-cp311-cp311-manylinux2014_x86_64.manylinux_2_17_x86_64.manylinux_2_28_x86_64.whl (3.3 MB)
   ━━━━━━━━━━━━━━━━━━━━━━━━━━━━━━━━━━━━━━━━ 3.3/3.3 MB 161.7 MB/s  0:00:00
Downloading structlog-25.5.0-py3-none-any.whl (72 kB)
Downloading typing_extensions-4.16.0-py3-none-any.whl (45 kB)
Downloading tzlocal-5.4.4-py3-none-any.whl (18 kB)
Downloading urllib3-2.7.0-py3-none-any.whl (131 kB)
Downloading virtualenv-21.7.0-py3-none-any.whl (5.5 MB)
   ━━━━━━━━━━━━━━━━━━━━━━━━━━━━━━━━━━━━━━━━ 5.5/5.5 MB 175.5 MB/s  0:00:00
Downloading distlib-0.4.3-py2.py3-none-any.whl (470 kB)
Downloading filelock-3.32.2-py3-none-any.whl (98 kB)
Downloading platformdirs-4.11.0-py3-none-any.whl (23 kB)
Downloading attrs-26.1.0-py3-none-any.whl (67 kB)
Downloading certifi-2026.7.22-py3-none-any.whl (136 kB)
Downloading dateparser-1.4.1-py3-none-any.whl (300 kB)
Downloading greenlet-3.5.4-cp311-cp311-manylinux_2_24_x86_64.manylinux_2_28_x86_64.whl (624 kB)
   ━━━━━━━━━━━━━━━━━━━━━━━━━━━━━━━━━━━━━━━━ 624.7/624.7 kB 43.2 MB/s  0:00:00
Downloading importlib_metadata-9.0.0-py3-none-any.whl (27 kB)
Downloading jsonschema_specifications-2025.9.1-py3-none-any.whl (18 kB)
Downloading markdown_it_py-4.2.0-py3-none-any.whl (91 kB)
Downloading mdurl-0.1.2-py3-none-any.whl (10.0 kB)
Downloading markupsafe-3.0.3-cp311-cp311-manylinux2014_x86_64.manylinux_2_17_x86_64.manylinux_2_28_x86_64.whl (22 kB)
Downloading python_dateutil-2.9.0.post0-py2.py3-none-any.whl (229 kB)
Downloading python_discovery-1.5.0-py3-none-any.whl (34 kB)
Downloading pytz-2026.3.post1-py2.py3-none-any.whl (508 kB)
Downloading referencing-0.37.0-py3-none-any.whl (26 kB)
Downloading regex-2026.7.19-cp311-cp311-manylinux2014_x86_64.manylinux_2_17_x86_64.manylinux_2_28_x86_64.whl (801 kB)
   ━━━━━━━━━━━━━━━━━━━━━━━━━━━━━━━━━━━━━━━━ 801.4/801.4 kB 57.0 MB/s  0:00:00
Downloading rpds_py-2026.6.3-cp311-cp311-manylinux_2_17_x86_64.manylinux2014_x86_64.whl (371 kB)
Downloading six-1.17.0-py2.py3-none-any.whl (11 kB)
Downloading uv-0.12.0-py3-none-manylinux_2_17_x86_64.manylinux2014_x86_64.whl (22.0 MB)
   ━━━━━━━━━━━━━━━━━━━━━━━━━━━━━━━━━━━━━━━━ 22.0/22.0 MB 214.6 MB/s  0:00:00
Downloading zipp-4.1.0-py3-none-any.whl (10 kB)
Downloading mako-1.3.12-py3-none-any.whl (78 kB)
Downloading wrapt-2.3.0-cp311-cp311-manylinux1_x86_64.manylinux_2_28_x86_64.manylinux_2_5_x86_64.whl (161 kB)
Installing collected packages: pytz, distlib, zipp, wrapt, uv, urllib3, tzlocal, typing-extensions, structlog, six, ruamel-yaml, rpds-py, regex, pyyaml, python-dotenv, pygments, psutil, platformdirs, mdurl, MarkupSafe, idna, greenlet, filelock, fasteners, click, charset_normalizer, certifi, attrs, sqlalchemy, smart-open, requests, referencing, python-discovery, python-dateutil, markdown-it-py, Mako, jinja2, importlib-metadata, click-default-group, anyio, virtualenv, snowplow-tracker, rich, jsonschema-specifications, dateparser, alembic, jsonschema, meltano

Successfully installed Mako-1.3.12 MarkupSafe-3.0.3 alembic-1.18.5 anyio-4.14.2 attrs-26.1.0 certifi-2026.7.22 charset_normalizer-3.4.9 click-8.3.3 click-default-group-1.2.4 dateparser-1.4.1 distlib-0.4.3 fasteners-0.20 filelock-3.32.2 greenlet-3.5.4 idna-3.18 importlib-metadata-9.0.0 jinja2-3.1.6 jsonschema-4.26.0 jsonschema-specifications-2025.9.1 markdown-it-py-4.2.0 mdurl-0.1.2 meltano-4.2.1 platformdirs-4.11.0 psutil-7.2.2 pygments-2.20.0 python-dateutil-2.9.0.post0 python-discovery-1.5.0 python-dotenv-1.2.2 pytz-2026.3.post1 pyyaml-6.0.3 referencing-0.37.0 regex-2026.7.19 requests-2.34.2 rich-14.3.4 rpds-py-2026.6.3 ruamel-yaml-0.19.1 six-1.17.0 smart-open-7.7.1 snowplow-tracker-1.1.0 sqlalchemy-2.0.51 structlog-25.5.0 typing-extensions-4.16.0 tzlocal-5.4.4 urllib3-2.7.0 uv-0.12.0 virtualenv-21.7.0 wrapt-2.3.0 zipp-4.1.0

meltano_install_exit_code=0

6. VALIDAR A INSTALACAO
Executavel: /home/ec2-user/meltano-venv/bin/meltano
Versao informada: meltano, version 4.2.1

7. TESTAR A INTERFACE DE COMANDO
meltano_help_exit_code=0

8. REGISTRAR PACOTES PRINCIPAIS
Name: meltano
Version: 4.2.1
Location: /home/ec2-user/meltano-venv/lib64/python3.11/site-packages

9. VERIFICAR ISOLAMENTO
Python no ambiente virtual: SIM
Meltano no ambiente virtual: SIM

====================================================
RESUMO DA ETAPA 3
====================================================
PythonExitCode=0
VenvCreateExitCode=0
ActivateExitCode=0
PipUpgradeExitCode=0
MeltanoInstallExitCode=0
MeltanoCommand=SIM
MeltanoVersion=meltano, version 4.2.1
MeltanoHelpExitCode=0
PythonIsolado=SIM
MeltanoIsolado=SIM
Resultado=APROVADO
