**********************
Início da transcrição do Windows PowerShell
Hora de início: 20260729152041
Nome de Usuário: LAPTOP-ACPKG3QM\Breno Tostes Garcia
Executar como Usuário: LAPTOP-ACPKG3QM\Breno Tostes Garcia
Nome da Configuração: 
Computador: LAPTOP-ACPKG3QM (Microsoft Windows NT 10.0.26200.0)
Aplicativo Host: C:\Windows\System32\WindowsPowerShell\v1.0\powershell.exe
ID do Processo: 16692
PSVersion: 5.1.26100.8894
PSEdition: Desktop
PSCompatibleVersions: 1.0, 2.0, 3.0, 4.0, 5.0, 5.1.26100.8894
BuildVersion: 10.0.26100.8894
CLRVersion: 4.0.30319.42000
WSManStackVersion: 3.0
PSRemotingProtocolVersion: 2.3
SerializationVersion: 1.1.0.1
**********************
Transcrição iniciada, o arquivo de saída é D:\GitHub\LAB_GrupoA_EcossistemadeBigData\ingestao\evidencias\06-acesso-ec2\E30_prontidao_ec2_20260729-152041.log

====================================================
1. VERIFICAÇÕES LOCAIS
====================================================

Pasta Terraform: encontrada
Chave SSH: encontrada
Tamanho da chave: 1674 bytes
Conteúdo da chave exibido: NÃO

====================================================
2. IDENTIFICAÇÃO DA EC2
====================================================

Instance ID: i-0db119c4f19fd868e
IP anonimizado: 54.165.***.***

====================================================
3. SESSÃO AWS
====================================================

Sessão AWS válida.
Conta anonimizada: ********6721

====================================================
4. VERIFICAÇÕES DE STATUS DA EC2
====================================================


Estado da EC2: running
Status do sistema: ok
Status da instância: ok
waiter_exit_code=0

====================================================
5. TESTE DA PORTA SSH
====================================================

Porta TCP 22 acessível: False

====================================================
6. VERIFICAÇÃO REMOTA DA EC2
====================================================

A conexão SSH não foi tentada porque a porta 22 não está acessível.

ssh_exit_code=999

====================================================
RESUMO DA ETAPA 7.1
====================================================



SessaoAWS       : VALIDADA
EC2Estado       : running
StatusSistema   : ok
StatusInstancia : ok
PortaSSH        : False
ConexaoSSH      : FALHOU
UserData        : PENDENTE OU FALHOU
ClientePSQL     : AUSENTE
Docker          : AUSENTE
Resultado       : REVISAR



**********************
Fim da transcrição do Windows PowerShell
Hora de término: 20260729152113
**********************
