**********************
Início da transcrição do Windows PowerShell
Hora de início: 20260729153825
Nome de Usuário: LAPTOP-ACPKG3QM\Breno Tostes Garcia
Executar como Usuário: LAPTOP-ACPKG3QM\Breno Tostes Garcia
Nome da Configuração: 
Computador: LAPTOP-ACPKG3QM (Microsoft Windows NT 10.0.26200.0)
Aplicativo Host: C:\Windows\System32\WindowsPowerShell\v1.0\powershell.exe
ID do Processo: 16692
PSVersion: 5.1.26100.8894
PSEdition: Desktop
PSCompatibleVersions: 1.0, 2.0, 3.0, 4.0, 5.0, 5.1.26100.8894
BuildVersion: 10.0.26100.8894
CLRVersion: 4.0.30319.42000
WSManStackVersion: 3.0
PSRemotingProtocolVersion: 2.3
SerializationVersion: 1.1.0.1
**********************
Transcrição iniciada, o arquivo de saída é D:\GitHub\LAB_GrupoA_EcossistemadeBigData\ingestao\evidencias\06-acesso-ec2\E46_autorizacao_ec2_instance_connect_20260729-153825.log

====================================================
1. SESSÃO AWS
====================================================

Sessão AWS: VALIDADA

====================================================
2. AUTORIZAÇÃO DA REGRA
====================================================

Falha ao incluir a regra:
System.Management.Automation.RemoteException
aws: [ERROR]: An error occurred (ParamValidation): Error parsing parameter '--ip-permissions': Invalid JSON: Expecting property name enclosed in double quotes: line 1 column 2 (char 1)
JSON received: {IpProtocol:tcp,ToPort:22,FromPort:22,PrefixListIds:[{Description:Acesso temporario pelo EC2 Instance Connect,PrefixListId:pl-0e4bcff02b13bef1e}]}

====================================================
3. VERIFICAÇÃO DA REGRA
====================================================

A regra não foi localizada.

====================================================
RESUMO DA ETAPA 7.6
====================================================



SessaoAWS         : VALIDADA
SecurityGroup     : sg-0be8efd12443a2a59
PrefixList        : pl-0e4bcff02b13bef1e
RegraNova         : False
RegraJaExistia    : False
RegraConfirmada   : False
SecurityGroupRule :
Resultado         : REVISAR



**********************
Fim da transcrição do Windows PowerShell
Hora de término: 20260729153829
**********************
