Found pipeline ingestao_pokeapi_dlt in /home/ec2-user/.dlt/pipelines
Synchronized state:
_state_version: 1
_state_engine_version: 4
default_schema_name: rest_api
pipeline_name: ingestao_pokeapi_dlt
schema_names: ['rest_api']
dataset_name: pokeapi
destination_type: dlt.destinations.filesystem
destination_name: None
_version_hash: vAAfmDoGrguqDn6TKx99wRsQ+jfop7zqGlIffzG9hGg=

sources:
Add -v option to see sources state. Note that it could be large.

Local state:
first_run: False
_dev_mode: False
initial_cwd: /home/ec2-user/projeto_dlthub
last_run_context['uri']: file:///home/ec2-user/projeto_dlthub
_last_extracted_at: 2026-07-30 19:00:54.517424+00:00
_last_extracted_hash: vAAfmDoGrguqDn6TKx99wRsQ+jfop7zqGlIffzG9hGg=

Resources in schema: rest_api
pokemon with 1 table(s) and 0 resource state slot(s)

Working dir content:
Has 1 completed load packages with following load ids:
1785438053.9629052

Pipeline has last run trace. Use 'dlt pipeline ingestao_pokeapi_dlt trace' to inspect 
